Archive member included to satisfy reference by file (symbol)

/opt/st/stm32cubeide_2.0.0/plugins/com.st.stm32cube.ide.mcu.externaltools.gnu-tools-for-stm32.13.3.rel1.linux64_1.0.100.202509120712/tools/bin/../lib/gcc/arm-none-eabi/13.3.1/../../../../arm-none-eabi/lib/thumb/v7e-m+fp/hard/libc_nano.a(libc_a-exit.o)
                              /opt/st/stm32cubeide_2.0.0/plugins/com.st.stm32cube.ide.mcu.externaltools.gnu-tools-for-stm32.13.3.rel1.linux64_1.0.100.202509120712/tools/bin/../lib/gcc/arm-none-eabi/13.3.1/../../../../arm-none-eabi/lib/thumb/v7e-m+fp/hard/crt0.o (exit)
/opt/st/stm32cubeide_2.0.0/plugins/com.st.stm32cube.ide.mcu.externaltools.gnu-tools-for-stm32.13.3.rel1.linux64_1.0.100.202509120712/tools/bin/../lib/gcc/arm-none-eabi/13.3.1/../../../../arm-none-eabi/lib/thumb/v7e-m+fp/hard/libc_nano.a(libc_a-findfp.o)
                              /opt/st/stm32cubeide_2.0.0/plugins/com.st.stm32cube.ide.mcu.externaltools.gnu-tools-for-stm32.13.3.rel1.linux64_1.0.100.202509120712/tools/bin/../lib/gcc/arm-none-eabi/13.3.1/../../../../arm-none-eabi/lib/thumb/v7e-m+fp/hard/libc_nano.a(libc_a-exit.o) (__stdio_exit_handler)
/opt/st/stm32cubeide_2.0.0/plugins/com.st.stm32cube.ide.mcu.externaltools.gnu-tools-for-stm32.13.3.rel1.linux64_1.0.100.202509120712/tools/bin/../lib/gcc/arm-none-eabi/13.3.1/../../../../arm-none-eabi/lib/thumb/v7e-m+fp/hard/libc_nano.a(libc_a-fwalk.o)
                              /opt/st/stm32cubeide_2.0.0/plugins/com.st.stm32cube.ide.mcu.externaltools.gnu-tools-for-stm32.13.3.rel1.linux64_1.0.100.202509120712/tools/bin/../lib/gcc/arm-none-eabi/13.3.1/../../../../arm-none-eabi/lib/thumb/v7e-m+fp/hard/libc_nano.a(libc_a-findfp.o) (_fwalk_sglue)
/opt/st/stm32cubeide_2.0.0/plugins/com.st.stm32cube.ide.mcu.externaltools.gnu-tools-for-stm32.13.3.rel1.linux64_1.0.100.202509120712/tools/bin/../lib/gcc/arm-none-eabi/13.3.1/../../../../arm-none-eabi/lib/thumb/v7e-m+fp/hard/libc_nano.a(libc_a-puts.o)
                              ./Core/Src/main.o (puts)
/opt/st/stm32cubeide_2.0.0/plugins/com.st.stm32cube.ide.mcu.externaltools.gnu-tools-for-stm32.13.3.rel1.linux64_1.0.100.202509120712/tools/bin/../lib/gcc/arm-none-eabi/13.3.1/../../../../arm-none-eabi/lib/thumb/v7e-m+fp/hard/libc_nano.a(libc_a-stdio.o)
                              /opt/st/stm32cubeide_2.0.0/plugins/com.st.stm32cube.ide.mcu.externaltools.gnu-tools-for-stm32.13.3.rel1.linux64_1.0.100.202509120712/tools/bin/../lib/gcc/arm-none-eabi/13.3.1/../../../../arm-none-eabi/lib/thumb/v7e-m+fp/hard/libc_nano.a(libc_a-findfp.o) (__sread)
/opt/st/stm32cubeide_2.0.0/plugins/com.st.stm32cube.ide.mcu.externaltools.gnu-tools-for-stm32.13.3.rel1.linux64_1.0.100.202509120712/tools/bin/../lib/gcc/arm-none-eabi/13.3.1/../../../../arm-none-eabi/lib/thumb/v7e-m+fp/hard/libc_nano.a(libc_a-wbuf.o)
                              /opt/st/stm32cubeide_2.0.0/plugins/com.st.stm32cube.ide.mcu.externaltools.gnu-tools-for-stm32.13.3.rel1.linux64_1.0.100.202509120712/tools/bin/../lib/gcc/arm-none-eabi/13.3.1/../../../../arm-none-eabi/lib/thumb/v7e-m+fp/hard/libc_nano.a(libc_a-puts.o) (__swbuf_r)
/opt/st/stm32cubeide_2.0.0/plugins/com.st.stm32cube.ide.mcu.externaltools.gnu-tools-for-stm32.13.3.rel1.linux64_1.0.100.202509120712/tools/bin/../lib/gcc/arm-none-eabi/13.3.1/../../../../arm-none-eabi/lib/thumb/v7e-m+fp/hard/libc_nano.a(libc_a-wsetup.o)
                              /opt/st/stm32cubeide_2.0.0/plugins/com.st.stm32cube.ide.mcu.externaltools.gnu-tools-for-stm32.13.3.rel1.linux64_1.0.100.202509120712/tools/bin/../lib/gcc/arm-none-eabi/13.3.1/../../../../arm-none-eabi/lib/thumb/v7e-m+fp/hard/libc_nano.a(libc_a-puts.o) (__swsetup_r)
/opt/st/stm32cubeide_2.0.0/plugins/com.st.stm32cube.ide.mcu.externaltools.gnu-tools-for-stm32.13.3.rel1.linux64_1.0.100.202509120712/tools/bin/../lib/gcc/arm-none-eabi/13.3.1/../../../../arm-none-eabi/lib/thumb/v7e-m+fp/hard/libc_nano.a(libc_a-memset.o)
                              /opt/st/stm32cubeide_2.0.0/plugins/com.st.stm32cube.ide.mcu.externaltools.gnu-tools-for-stm32.13.3.rel1.linux64_1.0.100.202509120712/tools/bin/../lib/gcc/arm-none-eabi/13.3.1/../../../../arm-none-eabi/lib/thumb/v7e-m+fp/hard/crt0.o (memset)
/opt/st/stm32cubeide_2.0.0/plugins/com.st.stm32cube.ide.mcu.externaltools.gnu-tools-for-stm32.13.3.rel1.linux64_1.0.100.202509120712/tools/bin/../lib/gcc/arm-none-eabi/13.3.1/../../../../arm-none-eabi/lib/thumb/v7e-m+fp/hard/libc_nano.a(libc_a-closer.o)
                              /opt/st/stm32cubeide_2.0.0/plugins/com.st.stm32cube.ide.mcu.externaltools.gnu-tools-for-stm32.13.3.rel1.linux64_1.0.100.202509120712/tools/bin/../lib/gcc/arm-none-eabi/13.3.1/../../../../arm-none-eabi/lib/thumb/v7e-m+fp/hard/libc_nano.a(libc_a-stdio.o) (_close_r)
/opt/st/stm32cubeide_2.0.0/plugins/com.st.stm32cube.ide.mcu.externaltools.gnu-tools-for-stm32.13.3.rel1.linux64_1.0.100.202509120712/tools/bin/../lib/gcc/arm-none-eabi/13.3.1/../../../../arm-none-eabi/lib/thumb/v7e-m+fp/hard/libc_nano.a(libc_a-reent.o)
[...]
Memory Configuration

Name             Origin             Length             Attributes
CCMRAM           0x10000000         0x00010000         xrw
RAM              0x20000000         0x00020000         xrw
BL_FLASH         0x08000000         0x0000c000         xr
IMAGE_HEADER     0x0800c000         0x00000100         xr
FLASH            0x0800c100         0x000f3c00         xr
*default*        0x00000000         0xffffffff

Linker script and memory map

LOAD /opt/st/stm32cubeide_2.0.0/plugins/com.st.stm32cube.ide.mcu.externaltools.gnu-tools-for-stm32.13.3.rel1.linux64_1.0.100.202509120712/tools/bin/../lib/gcc/arm-none-eabi/13.3.1/thumb/v7e-m+fp/hard/crti.o
LOAD /opt/st/stm32cubeide_2.0.0/plugins/com.st.stm32cube.ide.mcu.externaltools.gnu-tools-for-stm32.13.3.rel1.linux64_1.0.100.202509120712/tools/bin/../lib/gcc/arm-none-eabi/13.3.1/thumb/v7e-m+fp/hard/crtbegin.o
LOAD /opt/st/stm32cubeide_2.0.0/plugins/com.st.stm32cube.ide.mcu.externaltools.gnu-tools-for-stm32.13.3.rel1.linux64_1.0.100.202509120712/tools/bin/../lib/gcc/arm-none-eabi/13.3.1/../../../../arm-none-eabi/lib/thumb/v7e-m+fp/hard/crt0.o
LOAD ./Core/Src/bootloader.o
LOAD ./Core/Src/crc.o
LOAD ./Core/Src/gpio.o
LOAD ./Core/Src/i2c.o
LOAD ./Core/Src/i2s.o
LOAD ./Core/Src/main.o
LOAD ./Core/Src/rng.o
LOAD ./Core/Src/spi.o
LOAD ./Core/Src/stm32f4xx_hal_msp.o
LOAD ./Core/Src/stm32f4xx_it.o
LOAD ./Core/Src/syscalls.o
LOAD ./Core/Src/sysmem.o
LOAD ./Core/Src/system_stm32f4xx.o
LOAD ./Core/Src/usart.o
LOAD ./Core/Startup/startup_stm32f407vgtx.o
LOAD ./Drivers/STM32F4xx_HAL_Driver/Src/stm32f4xx_hal.o
LOAD ./Drivers/STM32F4xx_HAL_Driver/Src/stm32f4xx_hal_cortex.o
LOAD ./Drivers/STM32F4xx_HAL_Driver/Src/stm32f4xx_hal_crc.o
LOAD ./Drivers/STM32F4xx_HAL_Driver/Src/stm32f4xx_hal_dma.o
LOAD ./Drivers/STM32F4xx_HAL_Driver/Src/stm32f4xx_hal_dma_ex.o
LOAD ./Drivers/STM32F4xx_HAL_Driver/Src/stm32f4xx_hal_exti.o
LOAD ./Drivers/STM32F4xx_HAL_Driver/Src/stm32f4xx_hal_flash.o
LOAD ./Drivers/STM32F4xx_HAL_Driver/Src/stm32f4xx_hal_flash_ex.o
LOAD ./Drivers/STM32F4xx_HAL_Driver/Src/stm32f4xx_hal_flash_ramfunc.o
LOAD ./Drivers/STM32F4xx_HAL_Driver/Src/stm32f4xx_hal_gpio.o
LOAD ./Drivers/STM32F4xx_HAL_Driver/Src/stm32f4xx_hal_i2c.o
LOAD ./Drivers/STM32F4xx_HAL_Driver/Src/stm32f4xx_hal_i2c_ex.o
LOAD ./Drivers/STM32F4xx_HAL_Driver/Src/stm32f4xx_hal_i2s.o
LOAD ./Drivers/STM32F4xx_HAL_Driver/Src/stm32f4xx_hal_i2s_ex.o
LOAD ./Drivers/STM32F4xx_HAL_Driver/Src/stm32f4xx_hal_pwr.o
LOAD ./Drivers/STM32F4xx_HAL_Driver/Src/stm32f4xx_hal_pwr_ex.o
LOAD ./Drivers/STM32F4xx_HAL_Driver/Src/stm32f4xx_hal_rcc.o
LOAD ./Drivers/STM32F4xx_HAL_Driver/Src/stm32f4xx_hal_rcc_ex.o
LOAD ./Drivers/STM32F4xx_HAL_Driver/Src/stm32f4xx_hal_rng.o
LOAD ./Drivers/STM32F4xx_HAL_Driver/Src/stm32f4xx_hal_spi.o
LOAD ./Drivers/STM32F4xx_HAL_Driver/Src/stm32f4xx_hal_uart.o
START GROUP
LOAD /opt/st/stm32cubeide_2.0.0/plugins/com.st.stm32cube.ide.mcu.externaltools.gnu-tools-for-stm32.13.3.rel1.linux64_1.0.100.202509120712/tools/bin/../lib/gcc/arm-none-eabi/13.3.1/../../../../arm-none-eabi/lib/thumb/v7e-m+fp/hard/libc_nano.a
LOAD /opt/st/stm32cubeide_2.0.0/plugins/com.st.stm32cube.ide.mcu.externaltools.gnu-tools-for-stm32.13.3.rel1.linux64_1.0.100.202509120712/tools/bin/../lib/gcc/arm-none-eabi/13.3.1/../../../../arm-none-eabi/lib/thumb/v7e-m+fp/hard/libm.a
END GROUP
START GROUP
LOAD /opt/st/stm32cubeide_2.0.0/plugins/com.st.stm32cube.ide.mcu.externaltools.gnu-tools-for-stm32.13.3.rel1.linux64_1.0.100.202509120712/tools/bin/../lib/gcc/arm-none-eabi/13.3.1/thumb/v7e-m+fp/hard/libgcc.a
LOAD /opt/st/stm32cubeide_2.0.0/plugins/com.st.stm32cube.ide.mcu.externaltools.gnu-tools-for-stm32.13.3.rel1.linux64_1.0.100.202509120712/tools/bin/../lib/gcc/arm-none-eabi/13.3.1/../../../../arm-none-eabi/lib/thumb/v7e-m+fp/hard/libc_nano.a
END GROUP
START GROUP
LOAD /opt/st/stm32cubeide_2.0.0/plugins/com.st.stm32cube.ide.mcu.externaltools.gnu-tools-for-stm32.13.3.rel1.linux64_1.0.100.202509120712/tools/bin/../lib/gcc/arm-none-eabi/13.3.1/thumb/v7e-m+fp/hard/libgcc.a
LOAD /opt/st/stm32cubeide_2.0.0/plugins/com.st.stm32cube.ide.mcu.externaltools.gnu-tools-for-stm32.13.3.rel1.linux64_1.0.100.202509120712/tools/bin/../lib/gcc/arm-none-eabi/13.3.1/../../../../arm-none-eabi/lib/thumb/v7e-m+fp/hard/libc_nano.a
LOAD /opt/st/stm32cubeide_2.0.0/plugins/com.st.stm32cube.ide.mcu.externaltools.gnu-tools-for-stm32.13.3.rel1.linux64_1.0.100.202509120712/tools/bin/../lib/gcc/arm-none-eabi/13.3.1/../../../../arm-none-eabi/lib/thumb/v7e-m+fp/hard/libnosys.a
END GROUP
START GROUP
LOAD /opt/st/stm32cubeide_2.0.0/plugins/com.st.stm32cube.ide.mcu.externaltools.gnu-tools-for-stm32.13.3.rel1.linux64_1.0.100.202509120712/tools/bin/../lib/gcc/arm-none-eabi/13.3.1/thumb/v7e-m+fp/hard/libgcc.a
LOAD /opt/st/stm32cubeide_2.0.0/plugins/com.st.stm32cube.ide.mcu.externaltools.gnu-tools-for-stm32.13.3.rel1.linux64_1.0.100.202509120712/tools/bin/../lib/gcc/arm-none-eabi/13.3.1/../../../../arm-none-eabi/lib/thumb/v7e-m+fp/hard/libc_nano.a
LOAD /opt/st/stm32cubeide_2.0.0/plugins/com.st.stm32cube.ide.mcu.externaltools.gnu-tools-for-stm32.13.3.rel1.linux64_1.0.100.202509120712/tools/bin/../lib/gcc/arm-none-eabi/13.3.1/../../../../arm-none-eabi/lib/thumb/v7e-m+fp/hard/libnosys.a
END GROUP
LOAD /opt/st/stm32cubeide_2.0.0/plugins/com.st.stm32cube.ide.mcu.externaltools.gnu-tools-for-stm32.13.3.rel1.linux64_1.0.100.202509120712/tools/bin/../lib/gcc/arm-none-eabi/13.3.1/thumb/v7e-m+fp/hard/crtend.o
LOAD /opt/st/stm32cubeide_2.0.0/plugins/com.st.stm32cube.ide.mcu.externaltools.gnu-tools-for-stm32.13.3.rel1.linux64_1.0.100.202509120712/tools/bin/../lib/gcc/arm-none-eabi/13.3.1/thumb/v7e-m+fp/hard/crtn.o
                0x20020000                        _estack = (ORIGIN (RAM) + LENGTH (RAM))
                0x00000200                        _Min_Heap_Size = 0x200
                0x00000400                        _Min_Stack_Size = 0x400

.isr_vector     0x0800c100      0x188
                0x0800c100                        . = ALIGN (0x4)
                0x0800c100                        __isr_vector_start__ = .
 *(.isr_vector)
 .isr_vector    0x0800c100      0x188 ./Core/Startup/startup_stm32f407vgtx.o
                0x0800c100                g_pfnVectors
                0x0800c288                        . = ALIGN (0x4)

.text           0x0800c288     0x41b0
                0x0800c288                        . = ALIGN (0x4)
 *(.text)
 .text          0x0800c288       0x40 /opt/st/stm32cubeide_2.0.0/plugins/com.st.stm32cube.ide.mcu.externaltools.gnu-tools-for-stm32.13.3.rel1.linux64_1.0.100.202509120712/tools/bin/../lib/gcc/arm-none-eabi/13.3.1/thumb/v7e-m+fp/hard/crtbegin.o
 .text          0x0800c2c8       0x30 /opt/st/stm32cubeide_2.0.0/plugins/com.st.stm32cube.ide.mcu.externaltools.gnu-tools-for-stm32.13.3.rel1.linux64_1.0.100.202509120712/tools/bin/../lib/gcc/arm-none-eabi/13.3.1/thumb/v7e-m+fp/hard/libgcc.a(_aeabi_uldivmod.o)
                0x0800c2c8                __aeabi_uldivmod
 .text          0x0800c2f8      0x2f8 /opt/st/stm32cubeide_2.0.0/plugins/com.st.stm32cube.ide.mcu.externaltools.gnu-tools-for-stm32.13.3.rel1.linux64_1.0.100.202509120712/tools/bin/../lib/gcc/arm-none-eabi/13.3.1/thumb/v7e-m+fp/hard/libgcc.a(_udivmoddi4.o)
                0x0800c2f8                __udivmoddi4
 .text          0x0800c5f0        0x4 /opt/st/stm32cubeide_2.0.0/plugins/com.st.stm32cube.ide.mcu.externaltools.gnu-tools-for-stm32.13.3.rel1.linux64_1.0.100.202509120712/tools/bin/../lib/gcc/arm-none-eabi/13.3.1/thumb/v7e-m+fp/hard/libgcc.a(_dvmd_tls.o)
                0x0800c5f0                __aeabi_ldiv0
                0x0800c5f0                __aeabi_idiv0
 *(.text*)
 .text.MX_CRC_Init
                0x0800c5f4       0x28 ./Core/Src/crc.o
                0x0800c5f4                MX_CRC_Init
 .text.HAL_CRC_MspInit
                0x0800c61c       0x44 ./Core/Src/crc.o
                0x0800c61c                HAL_CRC_MspInit
 .text.MX_GPIO_Init
                0x0800c660      0x248 ./Core/Src/gpio.o
                0x0800c660                MX_GPIO_Init
 .text.MX_I2C1_Init
                0x0800c8a8       0x5c ./Core/Src/i2c.o
                0x0800c8a8                MX_I2C1_Init
 .text.HAL_I2C_MspInit
                0x0800c904       0x90 ./Core/Src/i2c.o
                0x0800c904                HAL_I2C_MspInit
 .text.MX_I2S3_Init
                0x0800c994       0x60 ./Core/Src/i2s.o
                0x0800c994                MX_I2S3_Init
 .text.HAL_I2S_MspInit
                0x0800c9f4      0x100 ./Core/Src/i2s.o
                0x0800c9f4                HAL_I2S_MspInit
 .text.__NVIC_SystemReset
                0x0800caf4       0x2c ./Core/Src/main.o
 .text.main     0x0800cb20       0x78 ./Core/Src/main.o
                0x0800cb20                main
 .text.SystemClock_Config
                0x0800cb98       0xd4 ./Core/Src/main.o
                0x0800cb98                SystemClock_Config
 .text.HAL_GPIO_EXTI_Callback
                0x0800cc6c       0x20 ./Core/Src/main.o
                0x0800cc6c                HAL_GPIO_EXTI_Callback
 .text.Error_Handler
                0x0800cc8c        0xc ./Core/Src/main.o
                0x0800cc8c                Error_Handler
 .text.MX_RNG_Init
                0x0800cc98       0x28 ./Core/Src/rng.o
                0x0800cc98                MX_RNG_Init
 .text.HAL_RNG_MspInit
                0x0800ccc0       0x50 ./Core/Src/rng.o
                0x0800ccc0                HAL_RNG_MspInit
 .text.MX_SPI1_Init
                0x0800cd10       0x6c ./Core/Src/spi.o
                0x0800cd10                MX_SPI1_Init
 .text.HAL_SPI_MspInit
                0x0800cd7c       0x90 ./Core/Src/spi.o
                0x0800cd7c                HAL_SPI_MspInit
 .text.HAL_MspInit
                0x0800ce0c       0x50 ./Core/Src/stm32f4xx_hal_msp.o
                0x0800ce0c                HAL_MspInit
 .text.NMI_Handler
                0x0800ce5c        0x8 ./Core/Src/stm32f4xx_it.o
                0x0800ce5c                NMI_Handler
 .text.HardFault_Handler
                0x0800ce64        0x8 ./Core/Src/stm32f4xx_it.o
                0x0800ce64                HardFault_Handler
 .text.MemManage_Handler
                0x0800ce6c        0x8 ./Core/Src/stm32f4xx_it.o
                0x0800ce6c                MemManage_Handler
 .text.BusFault_Handler
                0x0800ce74        0x8 ./Core/Src/stm32f4xx_it.o
                0x0800ce74                BusFault_Handler
 .text.UsageFault_Handler
                0x0800ce7c        0x8 ./Core/Src/stm32f4xx_it.o
                0x0800ce7c                UsageFault_Handler
 .text.SVC_Handler
                0x0800ce84        0xe ./Core/Src/stm32f4xx_it.o
                0x0800ce84                SVC_Handler
 .text.DebugMon_Handler
                0x0800ce92        0xe ./Core/Src/stm32f4xx_it.o
                0x0800ce92                DebugMon_Handler
 .text.PendSV_Handler
                0x0800cea0        0xe ./Core/Src/stm32f4xx_it.o
                0x0800cea0                PendSV_Handler
 .text.SysTick_Handler
                0x0800ceae        0xc ./Core/Src/stm32f4xx_it.o
                0x0800ceae                SysTick_Handler
 .text.EXTI0_IRQHandler
                0x0800ceba        0xe ./Core/Src/stm32f4xx_it.o
                0x0800ceba                EXTI0_IRQHandler
 .text.HASH_RNG_IRQHandler
                0x0800cec8       0x14 ./Core/Src/stm32f4xx_it.o
                0x0800cec8                HASH_RNG_IRQHandler
 .text.__io_putchar
                0x0800cedc       0x24 ./Core/Src/syscalls.o
                0x0800cedc                __io_putchar
 .text._read    0x0800cf00       0x3a ./Core/Src/syscalls.o
                0x0800cf00                _read
 .text._write   0x0800cf3a       0x38 ./Core/Src/syscalls.o
                0x0800cf3a                _write
 .text._close   0x0800cf72       0x18 ./Core/Src/syscalls.o
                0x0800cf72                _close
 .text._fstat   0x0800cf8a       0x20 ./Core/Src/syscalls.o
                0x0800cf8a                _fstat
 .text._isatty  0x0800cfaa       0x16 ./Core/Src/syscalls.o
                0x0800cfaa                _isatty
 .text._lseek   0x0800cfc0       0x1a ./Core/Src/syscalls.o
                0x0800cfc0                _lseek
 *fill*         0x0800cfda        0x2 
 .text._sbrk    0x0800cfdc       0x6c ./Core/Src/sysmem.o
                0x0800cfdc                _sbrk
 .text.SystemInit
                0x0800d048       0x24 ./Core/Src/system_stm32f4xx.o
                0x0800d048                SystemInit
 .text.MX_USART2_UART_Init
                0x0800d06c       0x54 ./Core/Src/usart.o
                0x0800d06c                MX_USART2_UART_Init
 .text.HAL_UART_MspInit
                0x0800d0c0       0x90 ./Core/Src/usart.o
                0x0800d0c0                HAL_UART_MspInit
 .text.Reset_Handler
                0x0800d150       0x50 ./Core/Startup/startup_stm32f407vgtx.o
                0x0800d150                Reset_Handler
 .text.Default_Handler
                0x0800d1a0        0x2 ./Core/Startup/startup_stm32f407vgtx.o
                0x0800d1a0                RTC_Alarm_IRQHandler
                0x0800d1a0                EXTI2_IRQHandler
                0x0800d1a0                TIM8_CC_IRQHandler
                0x0800d1a0                TIM1_CC_IRQHandler
                0x0800d1a0                DMA2_Stream5_IRQHandler
                0x0800d1a0                DMA1_Stream5_IRQHandler
                0x0800d1a0                PVD_IRQHandler
                0x0800d1a0                SDIO_IRQHandler
                0x0800d1a0                TAMP_STAMP_IRQHandler
                0x0800d1a0                CAN2_RX1_IRQHandler
                0x0800d1a0                EXTI3_IRQHandler
                0x0800d1a0                TIM8_TRG_COM_TIM14_IRQHandler
                0x0800d1a0                TIM1_UP_TIM10_IRQHandler
                0x0800d1a0                TIM8_UP_TIM13_IRQHandler
                0x0800d1a0                I2C3_ER_IRQHandler
                0x0800d1a0                I2C2_EV_IRQHandler
                0x0800d1a0                DMA1_Stream2_IRQHandler
                0x0800d1a0                CAN1_RX0_IRQHandler
                0x0800d1a0                FPU_IRQHandler
                0x0800d1a0                OTG_HS_WKUP_IRQHandler
                0x0800d1a0                CAN2_SCE_IRQHandler
                0x0800d1a0                DMA2_Stream2_IRQHandler
                0x0800d1a0                SPI1_IRQHandler
                0x0800d1a0                TIM6_DAC_IRQHandler
                0x0800d1a0                TIM1_BRK_TIM9_IRQHandler
                0x0800d1a0                DCMI_IRQHandler
                0x0800d1a0                CAN2_RX0_IRQHandler
                0x0800d1a0                DMA2_Stream3_IRQHandler
                0x0800d1a0                USART6_IRQHandler
                0x0800d1a0                USART3_IRQHandler
                0x0800d1a0                CAN1_RX1_IRQHandler
                0x0800d1a0                UART5_IRQHandler
                0x0800d1a0                DMA2_Stream0_IRQHandler
                0x0800d1a0                TIM4_IRQHandler
                0x0800d1a0                I2C1_EV_IRQHandler
                0x0800d1a0                DMA1_Stream6_IRQHandler
                0x0800d1a0                DMA1_Stream1_IRQHandler
                0x0800d1a0                UART4_IRQHandler
                0x0800d1a0                TIM3_IRQHandler
                0x0800d1a0                RCC_IRQHandler
                0x0800d1a0                TIM8_BRK_TIM12_IRQHandler
                0x0800d1a0                Default_Handler
                0x0800d1a0                EXTI15_10_IRQHandler
                0x0800d1a0                ADC_IRQHandler
                0x0800d1a0                DMA1_Stream7_IRQHandler
                0x0800d1a0                TIM7_IRQHandler
                0x0800d1a0                CAN2_TX_IRQHandler
                0x0800d1a0                TIM5_IRQHandler
                0x0800d1a0                DMA2_Stream7_IRQHandler
                0x0800d1a0                I2C3_EV_IRQHandler
                0x0800d1a0                EXTI9_5_IRQHandler
                0x0800d1a0                RTC_WKUP_IRQHandler
                0x0800d1a0                ETH_WKUP_IRQHandler
                0x0800d1a0                SPI2_IRQHandler
                0x0800d1a0                OTG_HS_EP1_IN_IRQHandler
                0x0800d1a0                DMA1_Stream0_IRQHandler
                0x0800d1a0                CAN1_TX_IRQHandler
                0x0800d1a0                EXTI4_IRQHandler
                0x0800d1a0                FSMC_IRQHandler
                0x0800d1a0                ETH_IRQHandler
                0x0800d1a0                OTG_HS_EP1_OUT_IRQHandler
                0x0800d1a0                WWDG_IRQHandler
                0x0800d1a0                TIM2_IRQHandler
                0x0800d1a0                OTG_FS_WKUP_IRQHandler
                0x0800d1a0                TIM1_TRG_COM_TIM11_IRQHandler
                0x0800d1a0                OTG_HS_IRQHandler
                0x0800d1a0                EXTI1_IRQHandler
                0x0800d1a0                USART2_IRQHandler
                0x0800d1a0                I2C2_ER_IRQHandler
                0x0800d1a0                DMA2_Stream1_IRQHandler
                0x0800d1a0                CAN1_SCE_IRQHandler
                0x0800d1a0                FLASH_IRQHandler
                0x0800d1a0                DMA2_Stream4_IRQHandler
                0x0800d1a0                USART1_IRQHandler
                0x0800d1a0                OTG_FS_IRQHandler
                0x0800d1a0                SPI3_IRQHandler
                0x0800d1a0                DMA1_Stream4_IRQHandler
                0x0800d1a0                I2C1_ER_IRQHandler
                0x0800d1a0                DMA2_Stream6_IRQHandler
                0x0800d1a0                DMA1_Stream3_IRQHandler
 *fill*         0x0800d1a2        0x2 
 .text.HAL_Init
                0x0800d1a4       0x44 ./Drivers/STM32F4xx_HAL_Driver/Src/stm32f4xx_hal.o
                0x0800d1a4                HAL_Init
 .text.HAL_InitTick
                0x0800d1e8       0x60 ./Drivers/STM32F4xx_HAL_Driver/Src/stm32f4xx_hal.o
                0x0800d1e8                HAL_InitTick
 .text.HAL_IncTick
                0x0800d248       0x28 ./Drivers/STM32F4xx_HAL_Driver/Src/stm32f4xx_hal.o
                0x0800d248                HAL_IncTick
 .text.HAL_GetTick
                0x0800d270       0x18 ./Drivers/STM32F4xx_HAL_Driver/Src/stm32f4xx_hal.o
                0x0800d270                HAL_GetTick
 .text.HAL_Delay
                0x0800d288       0x48 ./Drivers/STM32F4xx_HAL_Driver/Src/stm32f4xx_hal.o
                0x0800d288                HAL_Delay
 .text.__NVIC_SetPriorityGrouping
                0x0800d2d0       0x48 ./Drivers/STM32F4xx_HAL_Driver/Src/stm32f4xx_hal_cortex.o
 .text.__NVIC_GetPriorityGrouping
                0x0800d318       0x1c ./Drivers/STM32F4xx_HAL_Driver/Src/stm32f4xx_hal_cortex.o
 .text.__NVIC_EnableIRQ
                0x0800d334       0x3c ./Drivers/STM32F4xx_HAL_Driver/Src/stm32f4xx_hal_cortex.o
 .text.__NVIC_SetPriority
                0x0800d370       0x54 ./Drivers/STM32F4xx_HAL_Driver/Src/stm32f4xx_hal_cortex.o
 .text.NVIC_EncodePriority
                0x0800d3c4       0x66 ./Drivers/STM32F4xx_HAL_Driver/Src/stm32f4xx_hal_cortex.o
 *fill*         0x0800d42a        0x2 
 .text.SysTick_Config
                0x0800d42c       0x44 ./Drivers/STM32F4xx_HAL_Driver/Src/stm32f4xx_hal_cortex.o
 .text.HAL_NVIC_SetPriorityGrouping
                0x0800d470       0x16 ./Drivers/STM32F4xx_HAL_Driver/Src/stm32f4xx_hal_cortex.o
                0x0800d470                HAL_NVIC_SetPriorityGrouping
 .text.HAL_NVIC_SetPriority
                0x0800d486       0x38 ./Drivers/STM32F4xx_HAL_Driver/Src/stm32f4xx_hal_cortex.o
                0x0800d486                HAL_NVIC_SetPriority
 .text.HAL_NVIC_EnableIRQ
                0x0800d4be       0x1c ./Drivers/STM32F4xx_HAL_Driver/Src/stm32f4xx_hal_cortex.o
                0x0800d4be                HAL_NVIC_EnableIRQ
 .text.HAL_SYSTICK_Config
                0x0800d4da       0x18 ./Drivers/STM32F4xx_HAL_Driver/Src/stm32f4xx_hal_cortex.o
                0x0800d4da                HAL_SYSTICK_Config
 .text.HAL_CRC_Init
                0x0800d4f2       0x38 ./Drivers/STM32F4xx_HAL_Driver/Src/stm32f4xx_hal_crc.o
                0x0800d4f2                HAL_CRC_Init
 *fill*         0x0800d52a        0x2 
 .text.HAL_GPIO_Init
                0x0800d52c      0x338 ./Drivers/STM32F4xx_HAL_Driver/Src/stm32f4xx_hal_gpio.o
                0x0800d52c                HAL_GPIO_Init
 .text.HAL_GPIO_WritePin
                0x0800d864       0x32 ./Drivers/STM32F4xx_HAL_Driver/Src/stm32f4xx_hal_gpio.o
                0x0800d864                HAL_GPIO_WritePin
 .text.HAL_GPIO_TogglePin
                0x0800d896       0x34 ./Drivers/STM32F4xx_HAL_Driver/Src/stm32f4xx_hal_gpio.o
                0x0800d896                HAL_GPIO_TogglePin
 *fill*         0x0800d8ca        0x2 
 .text.HAL_GPIO_EXTI_IRQHandler
                0x0800d8cc       0x30 ./Drivers/STM32F4xx_HAL_Driver/Src/stm32f4xx_hal_gpio.o
                0x0800d8cc                HAL_GPIO_EXTI_IRQHandler
 .text.HAL_I2C_Init
                0x0800d8fc      0x288 ./Drivers/STM32F4xx_HAL_Driver/Src/stm32f4xx_hal_i2c.o
                0x0800d8fc                HAL_I2C_Init
 .text.HAL_I2S_Init
                0x0800db84      0x280 ./Drivers/STM32F4xx_HAL_Driver/Src/stm32f4xx_hal_i2s.o
                0x0800db84                HAL_I2S_Init
 .text.HAL_I2S_TxCpltCallback
                0x0800de04       0x14 ./Drivers/STM32F4xx_HAL_Driver/Src/stm32f4xx_hal_i2s.o
                0x0800de04                HAL_I2S_TxCpltCallback
 .text.HAL_I2S_RxCpltCallback
                0x0800de18       0x14 ./Drivers/STM32F4xx_HAL_Driver/Src/stm32f4xx_hal_i2s.o
                0x0800de18                HAL_I2S_RxCpltCallback
 .text.HAL_I2S_ErrorCallback
                0x0800de2c       0x14 ./Drivers/STM32F4xx_HAL_Driver/Src/stm32f4xx_hal_i2s.o
                0x0800de2c                HAL_I2S_ErrorCallback
 .text.I2S_Transmit_IT
                0x0800de40       0x5c ./Drivers/STM32F4xx_HAL_Driver/Src/stm32f4xx_hal_i2s.o
 .text.I2S_Receive_IT
                0x0800de9c       0x5e ./Drivers/STM32F4xx_HAL_Driver/Src/stm32f4xx_hal_i2s.o
 .text.I2S_IRQHandler
                0x0800defa      0x114 ./Drivers/STM32F4xx_HAL_Driver/Src/stm32f4xx_hal_i2s.o
 *fill*         0x0800e00e        0x2 
 .text.HAL_I2SEx_FullDuplex_IRQHandler
                0x0800e010      0x2a8 ./Drivers/STM32F4xx_HAL_Driver/Src/stm32f4xx_hal_i2s_ex.o
                0x0800e010                HAL_I2SEx_FullDuplex_IRQHandler
 .text.HAL_I2SEx_TxRxCpltCallback
                0x0800e2b8       0x14 ./Drivers/STM32F4xx_HAL_Driver/Src/stm32f4xx_hal_i2s_ex.o
                0x0800e2b8                HAL_I2SEx_TxRxCpltCallback
 .text.I2SEx_TxISR_I2S
                0x0800e2cc       0x62 ./Drivers/STM32F4xx_HAL_Driver/Src/stm32f4xx_hal_i2s_ex.o
 *fill*         0x0800e32e        0x2 
 .text.I2SEx_TxISR_I2SExt
                0x0800e330       0x98 ./Drivers/STM32F4xx_HAL_Driver/Src/stm32f4xx_hal_i2s_ex.o
 .text.I2SEx_RxISR_I2S
                0x0800e3c8       0x64 ./Drivers/STM32F4xx_HAL_Driver/Src/stm32f4xx_hal_i2s_ex.o
 .text.I2SEx_RxISR_I2SExt
                0x0800e42c       0x98 ./Drivers/STM32F4xx_HAL_Driver/Src/stm32f4xx_hal_i2s_ex.o
 .text.HAL_RCC_OscConfig
                0x0800e4c4      0x4f0 ./Drivers/STM32F4xx_HAL_Driver/Src/stm32f4xx_hal_rcc.o
                0x0800e4c4                HAL_RCC_OscConfig
 .text.HAL_RCC_ClockConfig
                0x0800e9b4      0x1cc ./Drivers/STM32F4xx_HAL_Driver/Src/stm32f4xx_hal_rcc.o
                0x0800e9b4                HAL_RCC_ClockConfig
 .text.HAL_RCC_GetSysClockFreq
                0x0800eb80      0x20c ./Drivers/STM32F4xx_HAL_Driver/Src/stm32f4xx_hal_rcc.o
                0x0800eb80                HAL_RCC_GetSysClockFreq
 .text.HAL_RCC_GetHCLKFreq
                0x0800ed8c       0x18 ./Drivers/STM32F4xx_HAL_Driver/Src/stm32f4xx_hal_rcc.o
                0x0800ed8c                HAL_RCC_GetHCLKFreq
 .text.HAL_RCC_GetPCLK1Freq
                0x0800eda4       0x28 ./Drivers/STM32F4xx_HAL_Driver/Src/stm32f4xx_hal_rcc.o
                0x0800eda4                HAL_RCC_GetPCLK1Freq
 .text.HAL_RCC_GetPCLK2Freq
                0x0800edcc       0x28 ./Drivers/STM32F4xx_HAL_Driver/Src/stm32f4xx_hal_rcc.o
                0x0800edcc                HAL_RCC_GetPCLK2Freq
 .text.HAL_RCCEx_PeriphCLKConfig
                0x0800edf4      0x1c4 ./Drivers/STM32F4xx_HAL_Driver/Src/stm32f4xx_hal_rcc_ex.o
                0x0800edf4                HAL_RCCEx_PeriphCLKConfig
 .text.HAL_RCCEx_GetPeriphCLKFreq
                0x0800efb8       0xc0 ./Drivers/STM32F4xx_HAL_Driver/Src/stm32f4xx_hal_rcc_ex.o
                0x0800efb8                HAL_RCCEx_GetPeriphCLKFreq
 .text.HAL_RNG_Init
                0x0800f078       0x54 ./Drivers/STM32F4xx_HAL_Driver/Src/stm32f4xx_hal_rng.o
                0x0800f078                HAL_RNG_Init
 .text.HAL_RNG_IRQHandler
                0x0800f0cc       0xa8 ./Drivers/STM32F4xx_HAL_Driver/Src/stm32f4xx_hal_rng.o
                0x0800f0cc                HAL_RNG_IRQHandler
 .text.HAL_RNG_ReadyDataCallback
                0x0800f174       0x16 ./Drivers/STM32F4xx_HAL_Driver/Src/stm32f4xx_hal_rng.o
                0x0800f174                HAL_RNG_ReadyDataCallback
 .text.HAL_RNG_ErrorCallback
                0x0800f18a       0x14 ./Drivers/STM32F4xx_HAL_Driver/Src/stm32f4xx_hal_rng.o
                0x0800f18a                HAL_RNG_ErrorCallback
 .text.HAL_SPI_Init
                0x0800f19e      0x112 ./Drivers/STM32F4xx_HAL_Driver/Src/stm32f4xx_hal_spi.o
                0x0800f19e                HAL_SPI_Init
 .text.HAL_UART_Init
                0x0800f2b0       0xa0 ./Drivers/STM32F4xx_HAL_Driver/Src/stm32f4xx_hal_uart.o
                0x0800f2b0                HAL_UART_Init
 .text.HAL_UART_Transmit
                0x0800f350      0x116 ./Drivers/STM32F4xx_HAL_Driver/Src/stm32f4xx_hal_uart.o
                0x0800f350                HAL_UART_Transmit
 .text.UART_WaitOnFlagUntilTimeout
                0x0800f466       0xb2 ./Drivers/STM32F4xx_HAL_Driver/Src/stm32f4xx_hal_uart.o
 .text.UART_EndRxTransfer
                0x0800f518       0xc6 ./Drivers/STM32F4xx_HAL_Driver/Src/stm32f4xx_hal_uart.o
 *fill*         0x0800f5de        0x2 
 .text.UART_SetConfig
                0x0800f5e0      0x4e8 ./Drivers/STM32F4xx_HAL_Driver/Src/stm32f4xx_hal_uart.o
 .text.std      0x0800fac8       0x6c /opt/st/stm32cubeide_2.0.0/plugins/com.st.stm32cube.ide.mcu.externaltools.gnu-tools-for-stm32.13.3.rel1.linux64_1.0.100.202509120712/tools/bin/../lib/gcc/arm-none-eabi/13.3.1/../../../../arm-none-eabi/lib/thumb/v7e-m+fp/hard/libc_nano.a(libc_a-findfp.o)
 .text.stdio_exit_handler
                0x0800fb34       0x18 /opt/st/stm32cubeide_2.0.0/plugins/com.st.stm32cube.ide.mcu.externaltools.gnu-tools-for-stm32.13.3.rel1.linux64_1.0.100.202509120712/tools/bin/../lib/gcc/arm-none-eabi/13.3.1/../../../../arm-none-eabi/lib/thumb/v7e-m+fp/hard/libc_nano.a(libc_a-findfp.o)
 .text.cleanup_stdio
                0x0800fb4c       0x40 /opt/st/stm32cubeide_2.0.0/plugins/com.st.stm32cube.ide.mcu.externaltools.gnu-tools-for-stm32.13.3.rel1.linux64_1.0.100.202509120712/tools/bin/../lib/gcc/arm-none-eabi/13.3.1/../../../../arm-none-eabi/lib/thumb/v7e-m+fp/hard/libc_nano.a(libc_a-findfp.o)
 .text.global_stdio_init.part.0
                0x0800fb8c       0x3c /opt/st/stm32cubeide_2.0.0/plugins/com.st.stm32cube.ide.mcu.externaltools.gnu-tools-for-stm32.13.3.rel1.linux64_1.0.100.202509120712/tools/bin/../lib/gcc/arm-none-eabi/13.3.1/../../../../arm-none-eabi/lib/thumb/v7e-m+fp/hard/libc_nano.a(libc_a-findfp.o)
 .text.__sfp_lock_acquire
                0x0800fbc8        0xc /opt/st/stm32cubeide_2.0.0/plugins/com.st.stm32cube.ide.mcu.externaltools.gnu-tools-for-stm32.13.3.rel1.linux64_1.0.100.202509120712/tools/bin/../lib/gcc/arm-none-eabi/13.3.1/../../../../arm-none-eabi/lib/thumb/v7e-m+fp/hard/libc_nano.a(libc_a-findfp.o)
                0x0800fbc8                __sfp_lock_acquire
 .text.__sfp_lock_release
                0x0800fbd4        0xc /opt/st/stm32cubeide_2.0.0/plugins/com.st.stm32cube.ide.mcu.externaltools.gnu-tools-for-stm32.13.3.rel1.linux64_1.0.100.202509120712/tools/bin/../lib/gcc/arm-none-eabi/13.3.1/../../../../arm-none-eabi/lib/thumb/v7e-m+fp/hard/libc_nano.a(libc_a-findfp.o)
                0x0800fbd4                __sfp_lock_release
 .text.__sinit  0x0800fbe0       0x30 /opt/st/stm32cubeide_2.0.0/plugins/com.st.stm32cube.ide.mcu.externaltools.gnu-tools-for-stm32.13.3.rel1.linux64_1.0.100.202509120712/tools/bin/../lib/gcc/arm-none-eabi/13.3.1/../../../../arm-none-eabi/lib/thumb/v7e-m+fp/hard/libc_nano.a(libc_a-findfp.o)
                0x0800fbe0                __sinit
 .text._fwalk_sglue
                0x0800fc10       0x3c /opt/st/stm32cubeide_2.0.0/plugins/com.st.stm32cube.ide.mcu.externaltools.gnu-tools-for-stm32.13.3.rel1.linux64_1.0.100.202509120712/tools/bin/../lib/gcc/arm-none-eabi/13.3.1/../../../../arm-none-eabi/lib/thumb/v7e-m+fp/hard/libc_nano.a(libc_a-fwalk.o)
                0x0800fc10                _fwalk_sglue
 .text._puts_r  0x0800fc4c       0xaa /opt/st/stm32cubeide_2.0.0/plugins/com.st.stm32cube.ide.mcu.externaltools.gnu-tools-for-stm32.13.3.rel1.linux64_1.0.100.202509120712/tools/bin/../lib/gcc/arm-none-eabi/13.3.1/../../../../arm-none-eabi/lib/thumb/v7e-m+fp/hard/libc_nano.a(libc_a-puts.o)
                0x0800fc4c                _puts_r
 *fill*         0x0800fcf6        0x2 
 .text.puts     0x0800fcf8       0x10 /opt/st/stm32cubeide_2.0.0/plugins/com.st.stm32cube.ide.mcu.externaltools.gnu-tools-for-stm32.13.3.rel1.linux64_1.0.100.202509120712/tools/bin/../lib/gcc/arm-none-eabi/13.3.1/../../../../arm-none-eabi/lib/thumb/v7e-m+fp/hard/libc_nano.a(libc_a-puts.o)
                0x0800fcf8                puts
 .text.__sread  0x0800fd08       0x22 /opt/st/stm32cubeide_2.0.0/plugins/com.st.stm32cube.ide.mcu.externaltools.gnu-tools-for-stm32.13.3.rel1.linux64_1.0.100.202509120712/tools/bin/../lib/gcc/arm-none-eabi/13.3.1/../../../../arm-none-eabi/lib/thumb/v7e-m+fp/hard/libc_nano.a(libc_a-stdio.o)
                0x0800fd08                __sread
 .text.__swrite
                0x0800fd2a       0x38 /opt/st/stm32cubeide_2.0.0/plugins/com.st.stm32cube.ide.mcu.externaltools.gnu-tools-for-stm32.13.3.rel1.linux64_1.0.100.202509120712/tools/bin/../lib/gcc/arm-none-eabi/13.3.1/../../../../arm-none-eabi/lib/thumb/v7e-m+fp/hard/libc_nano.a(libc_a-stdio.o)
                0x0800fd2a                __swrite
 .text.__sseek  0x0800fd62       0x24 /opt/st/stm32cubeide_2.0.0/plugins/com.st.stm32cube.ide.mcu.externaltools.gnu-tools-for-stm32.13.3.rel1.linux64_1.0.100.202509120712/tools/bin/../lib/gcc/arm-none-eabi/13.3.1/../../../../arm-none-eabi/lib/thumb/v7e-m+fp/hard/libc_nano.a(libc_a-stdio.o)
                0x0800fd62                __sseek
 .text.__sclose
                0x0800fd86        0x8 /opt/st/stm32cubeide_2.0.0/plugins/com.st.stm32cube.ide.mcu.externaltools.gnu-tools-for-stm32.13.3.rel1.linux64_1.0.100.202509120712/tools/bin/../lib/gcc/arm-none-eabi/13.3.1/../../../../arm-none-eabi/lib/thumb/v7e-m+fp/hard/libc_nano.a(libc_a-stdio.o)
                0x0800fd86                __sclose
 .text.__swbuf_r
                0x0800fd8e       0x7c /opt/st/stm32cubeide_2.0.0/plugins/com.st.stm32cube.ide.mcu.externaltools.gnu-tools-for-stm32.13.3.rel1.linux64_1.0.100.202509120712/tools/bin/../lib/gcc/arm-none-eabi/13.3.1/../../../../arm-none-eabi/lib/thumb/v7e-m+fp/hard/libc_nano.a(libc_a-wbuf.o)
                0x0800fd8e                __swbuf_r
 *fill*         0x0800fe0a        0x2 
 .text.__swsetup_r
                0x0800fe0c       0xac /opt/st/stm32cubeide_2.0.0/plugins/com.st.stm32cube.ide.mcu.externaltools.gnu-tools-for-stm32.13.3.rel1.linux64_1.0.100.202509120712/tools/bin/../lib/gcc/arm-none-eabi/13.3.1/../../../../arm-none-eabi/lib/thumb/v7e-m+fp/hard/libc_nano.a(libc_a-wsetup.o)
                0x0800fe0c                __swsetup_r
 .text.memset   0x0800feb8       0x10 /opt/st/stm32cubeide_2.0.0/plugins/com.st.stm32cube.ide.mcu.externaltools.gnu-tools-for-stm32.13.3.rel1.linux64_1.0.100.202509120712/tools/bin/../lib/gcc/arm-none-eabi/13.3.1/../../../../arm-none-eabi/lib/thumb/v7e-m+fp/hard/libc_nano.a(libc_a-memset.o)
                0x0800feb8                memset
 .text._close_r
                0x0800fec8       0x20 /opt/st/stm32cubeide_2.0.0/plugins/com.st.stm32cube.ide.mcu.externaltools.gnu-tools-for-stm32.13.3.rel1.linux64_1.0.100.202509120712/tools/bin/../lib/gcc/arm-none-eabi/13.3.1/../../../../arm-none-eabi/lib/thumb/v7e-m+fp/hard/libc_nano.a(libc_a-closer.o)
                0x0800fec8                _close_r
 .text._lseek_r
                0x0800fee8       0x24 /opt/st/stm32cubeide_2.0.0/plugins/com.st.stm32cube.ide.mcu.externaltools.gnu-tools-for-stm32.13.3.rel1.linux64_1.0.100.202509120712/tools/bin/../lib/gcc/arm-none-eabi/13.3.1/../../../../arm-none-eabi/lib/thumb/v7e-m+fp/hard/libc_nano.a(libc_a-lseekr.o)
                0x0800fee8                _lseek_r
 .text._read_r  0x0800ff0c       0x24 /opt/st/stm32cubeide_2.0.0/plugins/com.st.stm32cube.ide.mcu.externaltools.gnu-tools-for-stm32.13.3.rel1.linux64_1.0.100.202509120712/tools/bin/../lib/gcc/arm-none-eabi/13.3.1/../../../../arm-none-eabi/lib/thumb/v7e-m+fp/hard/libc_nano.a(libc_a-readr.o)
                0x0800ff0c                _read_r
 .text._write_r
                0x0800ff30       0x24 /opt/st/stm32cubeide_2.0.0/plugins/com.st.stm32cube.ide.mcu.externaltools.gnu-tools-for-stm32.13.3.rel1.linux64_1.0.100.202509120712/tools/bin/../lib/gcc/arm-none-eabi/13.3.1/../../../../arm-none-eabi/lib/thumb/v7e-m+fp/hard/libc_nano.a(libc_a-writer.o)
                0x0800ff30                _write_r
 .text.__errno  0x0800ff54        0xc /opt/st/stm32cubeide_2.0.0/plugins/com.st.stm32cube.ide.mcu.externaltools.gnu-tools-for-stm32.13.3.rel1.linux64_1.0.100.202509120712/tools/bin/../lib/gcc/arm-none-eabi/13.3.1/../../../../arm-none-eabi/lib/thumb/v7e-m+fp/hard/libc_nano.a(libc_a-errno.o)
                0x0800ff54                __errno
 .text.__libc_init_array
                0x0800ff60       0x48 /opt/st/stm32cubeide_2.0.0/plugins/com.st.stm32cube.ide.mcu.externaltools.gnu-tools-for-stm32.13.3.rel1.linux64_1.0.100.202509120712/tools/bin/../lib/gcc/arm-none-eabi/13.3.1/../../../../arm-none-eabi/lib/thumb/v7e-m+fp/hard/libc_nano.a(libc_a-init.o)
                0x0800ff60                __libc_init_array
 .text.__retarget_lock_init_recursive
                0x0800ffa8        0x2 /opt/st/stm32cubeide_2.0.0/plugins/com.st.stm32cube.ide.mcu.externaltools.gnu-tools-for-stm32.13.3.rel1.linux64_1.0.100.202509120712/tools/bin/../lib/gcc/arm-none-eabi/13.3.1/../../../../arm-none-eabi/lib/thumb/v7e-m+fp/hard/libc_nano.a(libc_a-lock.o)
                0x0800ffa8                __retarget_lock_init_recursive
 .text.__retarget_lock_acquire_recursive
                0x0800ffaa        0x2 /opt/st/stm32cubeide_2.0.0/plugins/com.st.stm32cube.ide.mcu.externaltools.gnu-tools-for-stm32.13.3.rel1.linux64_1.0.100.202509120712/tools/bin/../lib/gcc/arm-none-eabi/13.3.1/../../../../arm-none-eabi/lib/thumb/v7e-m+fp/hard/libc_nano.a(libc_a-lock.o)
                0x0800ffaa                __retarget_lock_acquire_recursive
 .text.__retarget_lock_release_recursive
                0x0800ffac        0x2 /opt/st/stm32cubeide_2.0.0/plugins/com.st.stm32cube.ide.mcu.externaltools.gnu-tools-for-stm32.13.3.rel1.linux64_1.0.100.202509120712/tools/bin/../lib/gcc/arm-none-eabi/13.3.1/../../../../arm-none-eabi/lib/thumb/v7e-m+fp/hard/libc_nano.a(libc_a-lock.o)
                0x0800ffac                __retarget_lock_release_recursive
 *fill*         0x0800ffae        0x2 
 .text._free_r  0x0800ffb0       0x94 /opt/st/stm32cubeide_2.0.0/plugins/com.st.stm32cube.ide.mcu.externaltools.gnu-tools-for-stm32.13.3.rel1.linux64_1.0.100.202509120712/tools/bin/../lib/gcc/arm-none-eabi/13.3.1/../../../../arm-none-eabi/lib/thumb/v7e-m+fp/hard/libc_nano.a(libc_a-freer.o)
                0x0800ffb0                _free_r
 .text.sbrk_aligned
                0x08010044       0x44 /opt/st/stm32cubeide_2.0.0/plugins/com.st.stm32cube.ide.mcu.externaltools.gnu-tools-for-stm32.13.3.rel1.linux64_1.0.100.202509120712/tools/bin/../lib/gcc/arm-none-eabi/13.3.1/../../../../arm-none-eabi/lib/thumb/v7e-m+fp/hard/libc_nano.a(libc_a-mallocr.o)
 .text._malloc_r
                0x08010088      0x100 /opt/st/stm32cubeide_2.0.0/plugins/com.st.stm32cube.ide.mcu.externaltools.gnu-tools-for-stm32.13.3.rel1.linux64_1.0.100.202509120712/tools/bin/../lib/gcc/arm-none-eabi/13.3.1/../../../../arm-none-eabi/lib/thumb/v7e-m+fp/hard/libc_nano.a(libc_a-mallocr.o)
                0x08010088                _malloc_r
 .text.__malloc_lock
                0x08010188        0xc /opt/st/stm32cubeide_2.0.0/plugins/com.st.stm32cube.ide.mcu.externaltools.gnu-tools-for-stm32.13.3.rel1.linux64_1.0.100.202509120712/tools/bin/../lib/gcc/arm-none-eabi/13.3.1/../../../../arm-none-eabi/lib/thumb/v7e-m+fp/hard/libc_nano.a(libc_a-mlock.o)
                0x08010188                __malloc_lock
 .text.__malloc_unlock
                0x08010194        0xc /opt/st/stm32cubeide_2.0.0/plugins/com.st.stm32cube.ide.mcu.externaltools.gnu-tools-for-stm32.13.3.rel1.linux64_1.0.100.202509120712/tools/bin/../lib/gcc/arm-none-eabi/13.3.1/../../../../arm-none-eabi/lib/thumb/v7e-m+fp/hard/libc_nano.a(libc_a-mlock.o)
                0x08010194                __malloc_unlock
 .text.__sflush_r
                0x080101a0      0x108 /opt/st/stm32cubeide_2.0.0/plugins/com.st.stm32cube.ide.mcu.externaltools.gnu-tools-for-stm32.13.3.rel1.linux64_1.0.100.202509120712/tools/bin/../lib/gcc/arm-none-eabi/13.3.1/../../../../arm-none-eabi/lib/thumb/v7e-m+fp/hard/libc_nano.a(libc_a-fflush.o)
                0x080101a0                __sflush_r
 .text._fflush_r
                0x080102a8       0x50 /opt/st/stm32cubeide_2.0.0/plugins/com.st.stm32cube.ide.mcu.externaltools.gnu-tools-for-stm32.13.3.rel1.linux64_1.0.100.202509120712/tools/bin/../lib/gcc/arm-none-eabi/13.3.1/../../../../arm-none-eabi/lib/thumb/v7e-m+fp/hard/libc_nano.a(libc_a-fflush.o)
                0x080102a8                _fflush_r
 .text.__swhatbuf_r
                0x080102f8       0x4c /opt/st/stm32cubeide_2.0.0/plugins/com.st.stm32cube.ide.mcu.externaltools.gnu-tools-for-stm32.13.3.rel1.linux64_1.0.100.202509120712/tools/bin/../lib/gcc/arm-none-eabi/13.3.1/../../../../arm-none-eabi/lib/thumb/v7e-m+fp/hard/libc_nano.a(libc_a-makebuf.o)
                0x080102f8                __swhatbuf_r
 .text.__smakebuf_r
                0x08010344       0x78 /opt/st/stm32cubeide_2.0.0/plugins/com.st.stm32cube.ide.mcu.externaltools.gnu-tools-for-stm32.13.3.rel1.linux64_1.0.100.202509120712/tools/bin/../lib/gcc/arm-none-eabi/13.3.1/../../../../arm-none-eabi/lib/thumb/v7e-m+fp/hard/libc_nano.a(libc_a-makebuf.o)
                0x08010344                __smakebuf_r
 .text._fstat_r
                0x080103bc       0x24 /opt/st/stm32cubeide_2.0.0/plugins/com.st.stm32cube.ide.mcu.externaltools.gnu-tools-for-stm32.13.3.rel1.linux64_1.0.100.202509120712/tools/bin/../lib/gcc/arm-none-eabi/13.3.1/../../../../arm-none-eabi/lib/thumb/v7e-m+fp/hard/libc_nano.a(libc_a-fstatr.o)
                0x080103bc                _fstat_r
 .text._isatty_r
                0x080103e0       0x20 /opt/st/stm32cubeide_2.0.0/plugins/com.st.stm32cube.ide.mcu.externaltools.gnu-tools-for-stm32.13.3.rel1.linux64_1.0.100.202509120712/tools/bin/../lib/gcc/arm-none-eabi/13.3.1/../../../../arm-none-eabi/lib/thumb/v7e-m+fp/hard/libc_nano.a(libc_a-isattyr.o)
                0x080103e0                _isatty_r
 .text._sbrk_r  0x08010400       0x20 /opt/st/stm32cubeide_2.0.0/plugins/com.st.stm32cube.ide.mcu.externaltools.gnu-tools-for-stm32.13.3.rel1.linux64_1.0.100.202509120712/tools/bin/../lib/gcc/arm-none-eabi/13.3.1/../../../../arm-none-eabi/lib/thumb/v7e-m+fp/hard/libc_nano.a(libc_a-sbrkr.o)
                0x08010400                _sbrk_r
 *(.glue_7)
 .glue_7        0x08010420        0x0 linker stubs
 *(.glue_7t)
 .glue_7t       0x08010420        0x0 linker stubs
 *(.eh_frame)
 .eh_frame      0x08010420        0x0 /opt/st/stm32cubeide_2.0.0/plugins/com.st.stm32cube.ide.mcu.externaltools.gnu-tools-for-stm32.13.3.rel1.linux64_1.0.100.202509120712/tools/bin/../lib/gcc/arm-none-eabi/13.3.1/thumb/v7e-m+fp/hard/crtbegin.o
 *(.init)
 .init          0x08010420        0x4 /opt/st/stm32cubeide_2.0.0/plugins/com.st.stm32cube.ide.mcu.externaltools.gnu-tools-for-stm32.13.3.rel1.linux64_1.0.100.202509120712/tools/bin/../lib/gcc/arm-none-eabi/13.3.1/thumb/v7e-m+fp/hard/crti.o
                0x08010420                _init
 .init          0x08010424        0x8 /opt/st/stm32cubeide_2.0.0/plugins/com.st.stm32cube.ide.mcu.externaltools.gnu-tools-for-stm32.13.3.rel1.linux64_1.0.100.202509120712/tools/bin/../lib/gcc/arm-none-eabi/13.3.1/thumb/v7e-m+fp/hard/crtn.o
 *(.fini)
 .fini          0x0801042c        0x4 /opt/st/stm32cubeide_2.0.0/plugins/com.st.stm32cube.ide.mcu.externaltools.gnu-tools-for-stm32.13.3.rel1.linux64_1.0.100.202509120712/tools/bin/../lib/gcc/arm-none-eabi/13.3.1/thumb/v7e-m+fp/hard/crti.o
                0x0801042c                _fini
 .fini          0x08010430        0x8 /opt/st/stm32cubeide_2.0.0/plugins/com.st.stm32cube.ide.mcu.externaltools.gnu-tools-for-stm32.13.3.rel1.linux64_1.0.100.202509120712/tools/bin/../lib/gcc/arm-none-eabi/13.3.1/thumb/v7e-m+fp/hard/crtn.o
                0x08010438                        . = ALIGN (0x4)
                0x08010438                        _etext = .

.vfp11_veneer   0x08010438        0x0
 .vfp11_veneer  0x08010438        0x0 linker stubs

.v4_bx          0x08010438        0x0
 .v4_bx         0x08010438        0x0 linker stubs

.iplt           0x08010438        0x0
 .iplt          0x08010438        0x0 /opt/st/stm32cubeide_2.0.0/plugins/com.st.stm32cube.ide.mcu.externaltools.gnu-tools-for-stm32.13.3.rel1.linux64_1.0.100.202509120712/tools/bin/../lib/gcc/arm-none-eabi/13.3.1/thumb/v7e-m+fp/hard/crtbegin.o

.rodata         0x08010438       0x50
                0x08010438                        . = ALIGN (0x4)
 *(.rodata)
 .rodata        0x08010438       0x37 ./Core/Src/main.o
 *(.rodata*)
 *fill*         0x0801046f        0x1 
 .rodata.AHBPrescTable
                0x08010470       0x10 ./Core/Src/system_stm32f4xx.o
                0x08010470                AHBPrescTable
 .rodata.APBPrescTable
                0x08010480        0x8 ./Core/Src/system_stm32f4xx.o
                0x08010480                APBPrescTable
                0x08010488                        . = ALIGN (0x4)

.ARM.extab      0x08010488        0x0
                0x08010488                        . = ALIGN (0x4)
 *(.ARM.extab* .gnu.linkonce.armextab.*)
                0x08010488                        . = ALIGN (0x4)

.ARM            0x08010488        0x8
                0x08010488                        . = ALIGN (0x4)
                0x08010488                        __exidx_start = .
 *(.ARM.exidx*)
 .ARM.exidx     0x08010488        0x8 /opt/st/stm32cubeide_2.0.0/plugins/com.st.stm32cube.ide.mcu.externaltools.gnu-tools-for-stm32.13.3.rel1.linux64_1.0.100.202509120712/tools/bin/../lib/gcc/arm-none-eabi/13.3.1/thumb/v7e-m+fp/hard/libgcc.a(_udivmoddi4.o)
                0x08010490                        __exidx_end = .
                0x08010490                        . = ALIGN (0x4)

.preinit_array  0x08010490        0x0
                0x08010490                        . = ALIGN (0x4)
                0x08010490                        PROVIDE (__preinit_array_start = .)
 *(.preinit_array*)
                0x08010490                        PROVIDE (__preinit_array_end = .)
                0x08010490                        . = ALIGN (0x4)

.init_array     0x08010490        0x4
                0x08010490                        . = ALIGN (0x4)
                0x08010490                        PROVIDE (__init_array_start = .)
 *(SORT_BY_NAME(.init_array.*))
 *(.init_array*)
 .init_array    0x08010490        0x4 /opt/st/stm32cubeide_2.0.0/plugins/com.st.stm32cube.ide.mcu.externaltools.gnu-tools-for-stm32.13.3.rel1.linux64_1.0.100.202509120712/tools/bin/../lib/gcc/arm-none-eabi/13.3.1/thumb/v7e-m+fp/hard/crtbegin.o
                0x08010494                        PROVIDE (__init_array_end = .)
                0x08010494                        . = ALIGN (0x4)

.fini_array     0x08010494        0x4
                0x08010494                        . = ALIGN (0x4)
                [!provide]                        PROVIDE (__fini_array_start = .)
 *(SORT_BY_NAME(.fini_array.*))
 *(.fini_array*)
 .fini_array    0x08010494        0x4 /opt/st/stm32cubeide_2.0.0/plugins/com.st.stm32cube.ide.mcu.externaltools.gnu-tools-for-stm32.13.3.rel1.linux64_1.0.100.202509120712/tools/bin/../lib/gcc/arm-none-eabi/13.3.1/thumb/v7e-m+fp/hard/crtbegin.o
                [!provide]                        PROVIDE (__fini_array_end = .)
                0x08010498                        . = ALIGN (0x4)
                0x08010498                        _sidata = LOADADDR (.data)

.rel.dyn        0x08010498        0x0
 .rel.iplt      0x08010498        0x0 /opt/st/stm32cubeide_2.0.0/plugins/com.st.stm32cube.ide.mcu.externaltools.gnu-tools-for-stm32.13.3.rel1.linux64_1.0.100.202509120712/tools/bin/../lib/gcc/arm-none-eabi/13.3.1/thumb/v7e-m+fp/hard/crtbegin.o

.data           0x20000000       0x68 load address 0x08010498
                0x20000000                        . = ALIGN (0x4)
                0x20000000                        _sdata = .
 *(.data)
 *(.data*)
 .data.SystemCoreClock
                0x20000000        0x4 ./Core/Src/system_stm32f4xx.o
                0x20000000                SystemCoreClock
 .data.uwTickPrio
                0x20000004        0x4 ./Drivers/STM32F4xx_HAL_Driver/Src/stm32f4xx_hal.o
                0x20000004                uwTickPrio
 .data.uwTickFreq
                0x20000008        0x1 ./Drivers/STM32F4xx_HAL_Driver/Src/stm32f4xx_hal.o
                0x20000008                uwTickFreq
 *fill*         0x20000009        0x3 
 .data.__sglue  0x2000000c        0xc /opt/st/stm32cubeide_2.0.0/plugins/com.st.stm32cube.ide.mcu.externaltools.gnu-tools-for-stm32.13.3.rel1.linux64_1.0.100.202509120712/tools/bin/../lib/gcc/arm-none-eabi/13.3.1/../../../../arm-none-eabi/lib/thumb/v7e-m+fp/hard/libc_nano.a(libc_a-findfp.o)
                0x2000000c                __sglue
 .data._impure_ptr
                0x20000018        0x4 /opt/st/stm32cubeide_2.0.0/plugins/com.st.stm32cube.ide.mcu.externaltools.gnu-tools-for-stm32.13.3.rel1.linux64_1.0.100.202509120712/tools/bin/../lib/gcc/arm-none-eabi/13.3.1/../../../../arm-none-eabi/lib/thumb/v7e-m+fp/hard/libc_nano.a(libc_a-impure.o)
                0x20000018                _impure_ptr
 .data._impure_data
                0x2000001c       0x4c /opt/st/stm32cubeide_2.0.0/plugins/com.st.stm32cube.ide.mcu.externaltools.gnu-tools-for-stm32.13.3.rel1.linux64_1.0.100.202509120712/tools/bin/../lib/gcc/arm-none-eabi/13.3.1/../../../../arm-none-eabi/lib/thumb/v7e-m+fp/hard/libc_nano.a(libc_a-impure.o)
                0x2000001c                _impure_data
 *(.RamFunc)
 *(.RamFunc*)
                0x20000068                        . = ALIGN (0x4)
                0x20000068                        _edata = .
                0x08010500                        _siccmram = LOADADDR (.ccmram)

.igot.plt       0x20000068        0x0 load address 0x08010500
 .igot.plt      0x20000068        0x0 /opt/st/stm32cubeide_2.0.0/plugins/com.st.stm32cube.ide.mcu.externaltools.gnu-tools-for-stm32.13.3.rel1.linux64_1.0.100.202509120712/tools/bin/../lib/gcc/arm-none-eabi/13.3.1/thumb/v7e-m+fp/hard/crtbegin.o

.ccmram         0x10000000        0x0 load address 0x08010500
                0x10000000                        . = ALIGN (0x4)
                0x10000000                        _sccmram = .
 *(.ccmram)
 *(.ccmram*)
                0x10000000                        . = ALIGN (0x4)
                0x10000000                        _eccmram = .
                0x10000000                        . = ALIGN (0x4)

.bss            0x20000068      0x2c8
                0x20000068                        _sbss = .
                0x20000068                        __bss_start__ = _sbss
 *(.bss)
 .bss           0x20000068       0x1c /opt/st/stm32cubeide_2.0.0/plugins/com.st.stm32cube.ide.mcu.externaltools.gnu-tools-for-stm32.13.3.rel1.linux64_1.0.100.202509120712/tools/bin/../lib/gcc/arm-none-eabi/13.3.1/thumb/v7e-m+fp/hard/crtbegin.o
 *(.bss*)
 .bss.hcrc      0x20000084        0x8 ./Core/Src/crc.o
                0x20000084                hcrc
 .bss.hi2c1     0x2000008c       0x54 ./Core/Src/i2c.o
                0x2000008c                hi2c1
 .bss.hi2s3     0x200000e0       0x48 ./Core/Src/i2s.o
                0x200000e0                hi2s3
 .bss.reset_flag
                0x20000128        0x4 ./Core/Src/main.o
 .bss.hrng      0x2000012c       0x10 ./Core/Src/rng.o
                0x2000012c                hrng
 .bss.hspi1     0x2000013c       0x58 ./Core/Src/spi.o
                0x2000013c                hspi1
 .bss.__sbrk_heap_end
                0x20000194        0x4 ./Core/Src/sysmem.o
 .bss.huart2    0x20000198       0x48 ./Core/Src/usart.o
                0x20000198                huart2
 .bss.uwTick    0x200001e0        0x4 ./Drivers/STM32F4xx_HAL_Driver/Src/stm32f4xx_hal.o
                0x200001e0                uwTick
 .bss.__sf      0x200001e4      0x138 /opt/st/stm32cubeide_2.0.0/plugins/com.st.stm32cube.ide.mcu.externaltools.gnu-tools-for-stm32.13.3.rel1.linux64_1.0.100.202509120712/tools/bin/../lib/gcc/arm-none-eabi/13.3.1/../../../../arm-none-eabi/lib/thumb/v7e-m+fp/hard/libc_nano.a(libc_a-findfp.o)
                0x200001e4                __sf
 .bss.__stdio_exit_handler
                0x2000031c        0x4 /opt/st/stm32cubeide_2.0.0/plugins/com.st.stm32cube.ide.mcu.externaltools.gnu-tools-for-stm32.13.3.rel1.linux64_1.0.100.202509120712/tools/bin/../lib/gcc/arm-none-eabi/13.3.1/../../../../arm-none-eabi/lib/thumb/v7e-m+fp/hard/libc_nano.a(libc_a-findfp.o)
                0x2000031c                __stdio_exit_handler
 .bss.errno     0x20000320        0x4 /opt/st/stm32cubeide_2.0.0/plugins/com.st.stm32cube.ide.mcu.externaltools.gnu-tools-for-stm32.13.3.rel1.linux64_1.0.100.202509120712/tools/bin/../lib/gcc/arm-none-eabi/13.3.1/../../../../arm-none-eabi/lib/thumb/v7e-m+fp/hard/libc_nano.a(libc_a-reent.o)
                0x20000320                errno
 .bss.__lock___malloc_recursive_mutex
                0x20000324        0x1 /opt/st/stm32cubeide_2.0.0/plugins/com.st.stm32cube.ide.mcu.externaltools.gnu-tools-for-stm32.13.3.rel1.linux64_1.0.100.202509120712/tools/bin/../lib/gcc/arm-none-eabi/13.3.1/../../../../arm-none-eabi/lib/thumb/v7e-m+fp/hard/libc_nano.a(libc_a-lock.o)
                0x20000324                __lock___malloc_recursive_mutex
 .bss.__lock___sfp_recursive_mutex
                0x20000325        0x1 /opt/st/stm32cubeide_2.0.0/plugins/com.st.stm32cube.ide.mcu.externaltools.gnu-tools-for-stm32.13.3.rel1.linux64_1.0.100.202509120712/tools/bin/../lib/gcc/arm-none-eabi/13.3.1/../../../../arm-none-eabi/lib/thumb/v7e-m+fp/hard/libc_nano.a(libc_a-lock.o)
                0x20000325                __lock___sfp_recursive_mutex
 *fill*         0x20000326        0x2 
 .bss.__malloc_sbrk_start
                0x20000328        0x4 /opt/st/stm32cubeide_2.0.0/plugins/com.st.stm32cube.ide.mcu.externaltools.gnu-tools-for-stm32.13.3.rel1.linux64_1.0.100.202509120712/tools/bin/../lib/gcc/arm-none-eabi/13.3.1/../../../../arm-none-eabi/lib/thumb/v7e-m+fp/hard/libc_nano.a(libc_a-mallocr.o)
                0x20000328                __malloc_sbrk_start
 .bss.__malloc_free_list
                0x2000032c        0x4 /opt/st/stm32cubeide_2.0.0/plugins/com.st.stm32cube.ide.mcu.externaltools.gnu-tools-for-stm32.13.3.rel1.linux64_1.0.100.202509120712/tools/bin/../lib/gcc/arm-none-eabi/13.3.1/../../../../arm-none-eabi/lib/thumb/v7e-m+fp/hard/libc_nano.a(libc_a-mallocr.o)
                0x2000032c                __malloc_free_list
 *(COMMON)
                0x20000330                        . = ALIGN (0x4)
                0x20000330                        _ebss = .
                0x20000330                        __bss_end__ = _ebss

._user_heap_stack
                0x20000330      0x600
                0x20000330                        . = ALIGN (0x8)
                [!provide]                        PROVIDE (end = .)
                0x20000330                        PROVIDE (_end = .)
                0x20000530                        . = (. + _Min_Heap_Size)
 *fill*         0x20000330      0x200 
                0x20000930                        . = (. + _Min_Stack_Size)
 *fill*         0x20000530      0x400 
                0x20000930                        . = ALIGN (0x8)

.flash_fill     0x08010500    0xef800
                0x08010500                        . = ALIGN (0x4)
 FILL mask 0xffffffff
                0x080ffcff                        . = ((ORIGIN (FLASH) + LENGTH (FLASH)) - 0x1)
 *fill*         0x08010500    0xef7ff ffffffff
                0x080ffcff        0x1 BYTE 0xff

/DISCARD/
 libc.a(*)
 libm.a(*)
 libgcc.a(*)

.ARM.attributes
                0x00000000       0x30
 *(.ARM.attributes)
 .ARM.attributes
                0x00000000       0x22 /opt/st/stm32cubeide_2.0.0/plugins/com.st.stm32cube.ide.mcu.externaltools.gnu-tools-for-stm32.13.3.rel1.linux64_1.0.100.202509120712/tools/bin/../lib/gcc/arm-none-eabi/13.3.1/thumb/v7e-m+fp/hard/crti.o
 .ARM.attributes
                0x00000022       0x34 /opt/st/stm32cubeide_2.0.0/plugins/com.st.stm32cube.ide.mcu.externaltools.gnu-tools-for-stm32.13.3.rel1.linux64_1.0.100.202509120712/tools/bin/../lib/gcc/arm-none-eabi/13.3.1/thumb/v7e-m+fp/hard/crtbegin.o
 .ARM.attributes
                0x00000056       0x34 ./Core/Src/crc.o
 .ARM.attributes
                0x0000008a       0x34 ./Core/Src/gpio.o
 .ARM.attributes
                0x000000be       0x34 ./Core/Src/i2c.o
 .ARM.attributes
                0x000000f2       0x34 ./Core/Src/i2s.o
 .ARM.attributes
                0x00000126       0x34 ./Core/Src/main.o
 .ARM.attributes
                0x0000015a       0x34 ./Core/Src/rng.o
 .ARM.attributes
                0x0000018e       0x34 ./Core/Src/spi.o
 .ARM.attributes
                0x000001c2       0x34 ./Core/Src/stm32f4xx_hal_msp.o
 .ARM.attributes
                0x000001f6       0x34 ./Core/Src/stm32f4xx_it.o
 .ARM.attributes
                0x0000022a       0x34 ./Core/Src/syscalls.o
 .ARM.attributes
                0x0000025e       0x34 ./Core/Src/sysmem.o
 .ARM.attributes
                0x00000292       0x34 ./Core/Src/system_stm32f4xx.o
 .ARM.attributes
                0x000002c6       0x34 ./Core/Src/usart.o
 .ARM.attributes
                0x000002fa       0x21 ./Core/Startup/startup_stm32f407vgtx.o
 .ARM.attributes
                0x0000031b       0x34 ./Drivers/STM32F4xx_HAL_Driver/Src/stm32f4xx_hal.o
 .ARM.attributes
                0x0000034f       0x34 ./Drivers/STM32F4xx_HAL_Driver/Src/stm32f4xx_hal_cortex.o
 .ARM.attributes
                0x00000383       0x34 ./Drivers/STM32F4xx_HAL_Driver/Src/stm32f4xx_hal_crc.o
 .ARM.attributes
                0x000003b7       0x34 ./Drivers/STM32F4xx_HAL_Driver/Src/stm32f4xx_hal_gpio.o
 .ARM.attributes
                0x000003eb       0x34 ./Drivers/STM32F4xx_HAL_Driver/Src/stm32f4xx_hal_i2c.o
 .ARM.attributes
                0x0000041f       0x34 ./Drivers/STM32F4xx_HAL_Driver/Src/stm32f4xx_hal_i2s.o
 .ARM.attributes
                0x00000453       0x34 ./Drivers/STM32F4xx_HAL_Driver/Src/stm32f4xx_hal_i2s_ex.o
 .ARM.attributes
                0x00000487       0x34 ./Drivers/STM32F4xx_HAL_Driver/Src/stm32f4xx_hal_rcc.o
 .ARM.attributes
                0x000004bb       0x34 ./Drivers/STM32F4xx_HAL_Driver/Src/stm32f4xx_hal_rcc_ex.o
 .ARM.attributes
                0x000004ef       0x34 ./Drivers/STM32F4xx_HAL_Driver/Src/stm32f4xx_hal_rng.o
 .ARM.attributes
                0x00000523       0x34 ./Drivers/STM32F4xx_HAL_Driver/Src/stm32f4xx_hal_spi.o
 .ARM.attributes
                0x00000557       0x34 ./Drivers/STM32F4xx_HAL_Driver/Src/stm32f4xx_hal_uart.o
 .ARM.attributes
                0x0000058b       0x34 /opt/st/stm32cubeide_2.0.0/plugins/com.st.stm32cube.ide.mcu.externaltools.gnu-tools-for-stm32.13.3.rel1.linux64_1.0.100.202509120712/tools/bin/../lib/gcc/arm-none-eabi/13.3.1/../../../../arm-none-eabi/lib/thumb/v7e-m+fp/hard/libc_nano.a(libc_a-findfp.o)
 .ARM.attributes
                0x000005bf       0x34 /opt/st/stm32cubeide_2.0.0/plugins/com.st.stm32cube.ide.mcu.externaltools.gnu-tools-for-stm32.13.3.rel1.linux64_1.0.100.202509120712/tools/bin/../lib/gcc/arm-none-eabi/13.3.1/../../../../arm-none-eabi/lib/thumb/v7e-m+fp/hard/libc_nano.a(libc_a-fwalk.o)
 .ARM.attributes
                0x000005f3       0x34 /opt/st/stm32cubeide_2.0.0/plugins/com.st.stm32cube.ide.mcu.externaltools.gnu-tools-for-stm32.13.3.rel1.linux64_1.0.100.202509120712/tools/bin/../lib/gcc/arm-none-eabi/13.3.1/../../../../arm-none-eabi/lib/thumb/v7e-m+fp/hard/libc_nano.a(libc_a-puts.o)
 .ARM.attributes
                0x00000627       0x34 /opt/st/stm32cubeide_2.0.0/plugins/com.st.stm32cube.ide.mcu.externaltools.gnu-tools-for-stm32.13.3.rel1.linux64_1.0.100.202509120712/tools/bin/../lib/gcc/arm-none-eabi/13.3.1/../../../../arm-none-eabi/lib/thumb/v7e-m+fp/hard/libc_nano.a(libc_a-stdio.o)
 .ARM.attributes
                0x0000065b       0x34 /opt/st/stm32cubeide_2.0.0/plugins/com.st.stm32cube.ide.mcu.externaltools.gnu-tools-for-stm32.13.3.rel1.linux64_1.0.100.202509120712/tools/bin/../lib/gcc/arm-none-eabi/13.3.1/../../../../arm-none-eabi/lib/thumb/v7e-m+fp/hard/libc_nano.a(libc_a-wbuf.o)
 .ARM.attributes
                0x0000068f       0x34 /opt/st/stm32cubeide_2.0.0/plugins/com.st.stm32cube.ide.mcu.externaltools.gnu-tools-for-stm32.13.3.rel1.linux64_1.0.100.202509120712/tools/bin/../lib/gcc/arm-none-eabi/13.3.1/../../../../arm-none-eabi/lib/thumb/v7e-m+fp/hard/libc_nano.a(libc_a-wsetup.o)
 .ARM.attributes
                0x000006c3       0x34 /opt/st/stm32cubeide_2.0.0/plugins/com.st.stm32cube.ide.mcu.externaltools.gnu-tools-for-stm32.13.3.rel1.linux64_1.0.100.202509120712/tools/bin/../lib/gcc/arm-none-eabi/13.3.1/../../../../arm-none-eabi/lib/thumb/v7e-m+fp/hard/libc_nano.a(libc_a-memset.o)
 .ARM.attributes
                0x000006f7       0x34 /opt/st/stm32cubeide_2.0.0/plugins/com.st.stm32cube.ide.mcu.externaltools.gnu-tools-for-stm32.13.3.rel1.linux64_1.0.100.202509120712/tools/bin/../lib/gcc/arm-none-eabi/13.3.1/../../../../arm-none-eabi/lib/thumb/v7e-m+fp/hard/libc_nano.a(libc_a-closer.o)
 .ARM.attributes
                0x0000072b       0x34 /opt/st/stm32cubeide_2.0.0/plugins/com.st.stm32cube.ide.mcu.externaltools.gnu-tools-for-stm32.13.3.rel1.linux64_1.0.100.202509120712/tools/bin/../lib/gcc/arm-none-eabi/13.3.1/../../../../arm-none-eabi/lib/thumb/v7e-m+fp/hard/libc_nano.a(libc_a-reent.o)
 .ARM.attributes
                0x0000075f       0x34 /opt/st/stm32cubeide_2.0.0/plugins/com.st.stm32cube.ide.mcu.externaltools.gnu-tools-for-stm32.13.3.rel1.linux64_1.0.100.202509120712/tools/bin/../lib/gcc/arm-none-eabi/13.3.1/../../../../arm-none-eabi/lib/thumb/v7e-m+fp/hard/libc_nano.a(libc_a-impure.o)
 .ARM.attributes
                0x00000793       0x34 /opt/st/stm32cubeide_2.0.0/plugins/com.st.stm32cube.ide.mcu.externaltools.gnu-tools-for-stm32.13.3.rel1.linux64_1.0.100.202509120712/tools/bin/../lib/gcc/arm-none-eabi/13.3.1/../../../../arm-none-eabi/lib/thumb/v7e-m+fp/hard/libc_nano.a(libc_a-lseekr.o)
 .ARM.attributes
                0x000007c7       0x34 /opt/st/stm32cubeide_2.0.0/plugins/com.st.stm32cube.ide.mcu.externaltools.gnu-tools-for-stm32.13.3.rel1.linux64_1.0.100.202509120712/tools/bin/../lib/gcc/arm-none-eabi/13.3.1/../../../../arm-none-eabi/lib/thumb/v7e-m+fp/hard/libc_nano.a(libc_a-readr.o)
 .ARM.attributes
                0x000007fb       0x34 /opt/st/stm32cubeide_2.0.0/plugins/com.st.stm32cube.ide.mcu.externaltools.gnu-tools-for-stm32.13.3.rel1.linux64_1.0.100.202509120712/tools/bin/../lib/gcc/arm-none-eabi/13.3.1/../../../../arm-none-eabi/lib/thumb/v7e-m+fp/hard/libc_nano.a(libc_a-writer.o)
 .ARM.attributes
                0x0000082f       0x34 /opt/st/stm32cubeide_2.0.0/plugins/com.st.stm32cube.ide.mcu.externaltools.gnu-tools-for-stm32.13.3.rel1.linux64_1.0.100.202509120712/tools/bin/../lib/gcc/arm-none-eabi/13.3.1/../../../../arm-none-eabi/lib/thumb/v7e-m+fp/hard/libc_nano.a(libc_a-errno.o)
 .ARM.attributes
                0x00000863       0x34 /opt/st/stm32cubeide_2.0.0/plugins/com.st.stm32cube.ide.mcu.externaltools.gnu-tools-for-stm32.13.3.rel1.linux64_1.0.100.202509120712/tools/bin/../lib/gcc/arm-none-eabi/13.3.1/../../../../arm-none-eabi/lib/thumb/v7e-m+fp/hard/libc_nano.a(libc_a-init.o)
 .ARM.attributes
                0x00000897       0x34 /opt/st/stm32cubeide_2.0.0/plugins/com.st.stm32cube.ide.mcu.externaltools.gnu-tools-for-stm32.13.3.rel1.linux64_1.0.100.202509120712/tools/bin/../lib/gcc/arm-none-eabi/13.3.1/../../../../arm-none-eabi/lib/thumb/v7e-m+fp/hard/libc_nano.a(libc_a-lock.o)
 .ARM.attributes
                0x000008cb       0x34 /opt/st/stm32cubeide_2.0.0/plugins/com.st.stm32cube.ide.mcu.externaltools.gnu-tools-for-stm32.13.3.rel1.linux64_1.0.100.202509120712/tools/bin/../lib/gcc/arm-none-eabi/13.3.1/../../../../arm-none-eabi/lib/thumb/v7e-m+fp/hard/libc_nano.a(libc_a-freer.o)
 .ARM.attributes
                0x000008ff       0x34 /opt/st/stm32cubeide_2.0.0/plugins/com.st.stm32cube.ide.mcu.externaltools.gnu-tools-for-stm32.13.3.rel1.linux64_1.0.100.202509120712/tools/bin/../lib/gcc/arm-none-eabi/13.3.1/../../../../arm-none-eabi/lib/thumb/v7e-m+fp/hard/libc_nano.a(libc_a-mallocr.o)
 .ARM.attributes
                0x00000933       0x34 /opt/st/stm32cubeide_2.0.0/plugins/com.st.stm32cube.ide.mcu.externaltools.gnu-tools-for-stm32.13.3.rel1.linux64_1.0.100.202509120712/tools/bin/../lib/gcc/arm-none-eabi/13.3.1/../../../../arm-none-eabi/lib/thumb/v7e-m+fp/hard/libc_nano.a(libc_a-mlock.o)
 .ARM.attributes
                0x00000967       0x34 /opt/st/stm32cubeide_2.0.0/plugins/com.st.stm32cube.ide.mcu.externaltools.gnu-tools-for-stm32.13.3.rel1.linux64_1.0.100.202509120712/tools/bin/../lib/gcc/arm-none-eabi/13.3.1/../../../../arm-none-eabi/lib/thumb/v7e-m+fp/hard/libc_nano.a(libc_a-fflush.o)
 .ARM.attributes
                0x0000099b       0x34 /opt/st/stm32cubeide_2.0.0/plugins/com.st.stm32cube.ide.mcu.externaltools.gnu-tools-for-stm32.13.3.rel1.linux64_1.0.100.202509120712/tools/bin/../lib/gcc/arm-none-eabi/13.3.1/../../../../arm-none-eabi/lib/thumb/v7e-m+fp/hard/libc_nano.a(libc_a-makebuf.o)
 .ARM.attributes
                0x000009cf       0x34 /opt/st/stm32cubeide_2.0.0/plugins/com.st.stm32cube.ide.mcu.externaltools.gnu-tools-for-stm32.13.3.rel1.linux64_1.0.100.202509120712/tools/bin/../lib/gcc/arm-none-eabi/13.3.1/../../../../arm-none-eabi/lib/thumb/v7e-m+fp/hard/libc_nano.a(libc_a-fstatr.o)
 .ARM.attributes
                0x00000a03       0x34 /opt/st/stm32cubeide_2.0.0/plugins/com.st.stm32cube.ide.mcu.externaltools.gnu-tools-for-stm32.13.3.rel1.linux64_1.0.100.202509120712/tools/bin/../lib/gcc/arm-none-eabi/13.3.1/../../../../arm-none-eabi/lib/thumb/v7e-m+fp/hard/libc_nano.a(libc_a-isattyr.o)
 .ARM.attributes
                0x00000a37       0x34 /opt/st/stm32cubeide_2.0.0/plugins/com.st.stm32cube.ide.mcu.externaltools.gnu-tools-for-stm32.13.3.rel1.linux64_1.0.100.202509120712/tools/bin/../lib/gcc/arm-none-eabi/13.3.1/../../../../arm-none-eabi/lib/thumb/v7e-m+fp/hard/libc_nano.a(libc_a-sbrkr.o)
 .ARM.attributes
                0x00000a6b       0x22 /opt/st/stm32cubeide_2.0.0/plugins/com.st.stm32cube.ide.mcu.externaltools.gnu-tools-for-stm32.13.3.rel1.linux64_1.0.100.202509120712/tools/bin/../lib/gcc/arm-none-eabi/13.3.1/thumb/v7e-m+fp/hard/libgcc.a(_aeabi_uldivmod.o)
 .ARM.attributes
                0x00000a8d       0x34 /opt/st/stm32cubeide_2.0.0/plugins/com.st.stm32cube.ide.mcu.externaltools.gnu-tools-for-stm32.13.3.rel1.linux64_1.0.100.202509120712/tools/bin/../lib/gcc/arm-none-eabi/13.3.1/thumb/v7e-m+fp/hard/libgcc.a(_udivmoddi4.o)
 .ARM.attributes
                0x00000ac1       0x22 /opt/st/stm32cubeide_2.0.0/plugins/com.st.stm32cube.ide.mcu.externaltools.gnu-tools-for-stm32.13.3.rel1.linux64_1.0.100.202509120712/tools/bin/../lib/gcc/arm-none-eabi/13.3.1/thumb/v7e-m+fp/hard/libgcc.a(_dvmd_tls.o)
 .ARM.attributes
                0x00000ae3       0x22 /opt/st/stm32cubeide_2.0.0/plugins/com.st.stm32cube.ide.mcu.externaltools.gnu-tools-for-stm32.13.3.rel1.linux64_1.0.100.202509120712/tools/bin/../lib/gcc/arm-none-eabi/13.3.1/thumb/v7e-m+fp/hard/crtn.o
OUTPUT(Application.elf elf32-littlearm)
LOAD linker stubs
LOAD /opt/st/stm32cubeide_2.0.0/plugins/com.st.stm32cube.ide.mcu.externaltools.gnu-tools-for-stm32.13.3.rel1.linux64_1.0.100.202509120712/tools/bin/../lib/gcc/arm-none-eabi/13.3.1/../../../../arm-none-eabi/lib/thumb/v7e-m+fp/hard/libc.a
LOAD /opt/st/stm32cubeide_2.0.0/plugins/com.st.stm32cube.ide.mcu.externaltools.gnu-tools-for-stm32.13.3.rel1.linux64_1.0.100.202509120712/tools/bin/../lib/gcc/arm-none-eabi/13.3.1/../../../../arm-none-eabi/lib/thumb/v7e-m+fp/hard/libm.a
LOAD /opt/st/stm32cubeide_2.0.0/plugins/com.st.stm32cube.ide.mcu.externaltools.gnu-tools-for-stm32.13.3.rel1.linux64_1.0.100.202509120712/tools/bin/../lib/gcc/arm-none-eabi/13.3.1/thumb/v7e-m+fp/hard/libgcc.a

.debug_info     0x00000000    0x10ceb
 .debug_info    0x00000000      0x41f ./Core/Src/crc.o
 .debug_info    0x0000041f      0x6b2 ./Core/Src/gpio.o
 .debug_info    0x00000ad1      0x968 ./Core/Src/i2c.o
 .debug_info    0x00001439      0xa26 ./Core/Src/i2s.o
 .debug_info    0x00001e5f      0x93d ./Core/Src/main.o
 .debug_info    0x0000279c      0x659 ./Core/Src/rng.o
 .debug_info    0x00002df5      0x94d ./Core/Src/spi.o
 .debug_info    0x00003742      0x27c ./Core/Src/stm32f4xx_hal_msp.o
 .debug_info    0x000039be      0x28a ./Core/Src/stm32f4xx_it.o
 .debug_info    0x00003c48      0xc05 ./Core/Src/syscalls.o
 .debug_info    0x0000484d      0x168 ./Core/Src/sysmem.o
 .debug_info    0x000049b5      0x512 ./Core/Src/system_stm32f4xx.o
 .debug_info    0x00004ec7      0x91d ./Core/Src/usart.o
 .debug_info    0x000057e4       0x30 ./Core/Startup/startup_stm32f407vgtx.o
 .debug_info    0x00005814      0x944 ./Drivers/STM32F4xx_HAL_Driver/Src/stm32f4xx_hal.o
 .debug_info    0x00006158      0xd8c ./Drivers/STM32F4xx_HAL_Driver/Src/stm32f4xx_hal_cortex.o
 .debug_info    0x00006ee4      0x37f ./Drivers/STM32F4xx_HAL_Driver/Src/stm32f4xx_hal_crc.o
 .debug_info    0x00007263      0x6c3 ./Drivers/STM32F4xx_HAL_Driver/Src/stm32f4xx_hal_gpio.o
 .debug_info    0x00007926     0x2415 ./Drivers/STM32F4xx_HAL_Driver/Src/stm32f4xx_hal_i2c.o
 .debug_info    0x00009d3b      0xe02 ./Drivers/STM32F4xx_HAL_Driver/Src/stm32f4xx_hal_i2s.o
 .debug_info    0x0000ab3d      0xaae ./Drivers/STM32F4xx_HAL_Driver/Src/stm32f4xx_hal_i2s_ex.o
 .debug_info    0x0000b5eb      0x8c3 ./Drivers/STM32F4xx_HAL_Driver/Src/stm32f4xx_hal_rcc.o
 .debug_info    0x0000beae      0x536 ./Drivers/STM32F4xx_HAL_Driver/Src/stm32f4xx_hal_rcc_ex.o
 .debug_info    0x0000c3e4      0x493 ./Drivers/STM32F4xx_HAL_Driver/Src/stm32f4xx_hal_rng.o
 .debug_info    0x0000c877     0x1525 ./Drivers/STM32F4xx_HAL_Driver/Src/stm32f4xx_hal_spi.o
 .debug_info    0x0000dd9c     0x2f4f ./Drivers/STM32F4xx_HAL_Driver/Src/stm32f4xx_hal_uart.o

.debug_abbrev   0x00000000     0x31fa
 .debug_abbrev  0x00000000      0x19b ./Core/Src/crc.o
 .debug_abbrev  0x0000019b      0x174 ./Core/Src/gpio.o
 .debug_abbrev  0x0000030f      0x1f1 ./Core/Src/i2c.o
 .debug_abbrev  0x00000500      0x1ef ./Core/Src/i2s.o
 .debug_abbrev  0x000006ef      0x2c5 ./Core/Src/main.o
 .debug_abbrev  0x000009b4      0x1ba ./Core/Src/rng.o
 .debug_abbrev  0x00000b6e      0x1fa ./Core/Src/spi.o
 .debug_abbrev  0x00000d68       0xf4 ./Core/Src/stm32f4xx_hal_msp.o
 .debug_abbrev  0x00000e5c      0x14a ./Core/Src/stm32f4xx_it.o
 .debug_abbrev  0x00000fa6      0x278 ./Core/Src/syscalls.o
 .debug_abbrev  0x0000121e       0xbc ./Core/Src/sysmem.o
 .debug_abbrev  0x000012da      0x11a ./Core/Src/system_stm32f4xx.o
 .debug_abbrev  0x000013f4      0x1f9 ./Core/Src/usart.o
 .debug_abbrev  0x000015ed       0x24 ./Core/Startup/startup_stm32f407vgtx.o
 .debug_abbrev  0x00001611      0x214 ./Drivers/STM32F4xx_HAL_Driver/Src/stm32f4xx_hal.o
 .debug_abbrev  0x00001825      0x31d ./Drivers/STM32F4xx_HAL_Driver/Src/stm32f4xx_hal_cortex.o
 .debug_abbrev  0x00001b42      0x1b1 ./Drivers/STM32F4xx_HAL_Driver/Src/stm32f4xx_hal_crc.o
 .debug_abbrev  0x00001cf3      0x1d4 ./Drivers/STM32F4xx_HAL_Driver/Src/stm32f4xx_hal_gpio.o
 .debug_abbrev  0x00001ec7      0x2ad ./Drivers/STM32F4xx_HAL_Driver/Src/stm32f4xx_hal_i2c.o
 .debug_abbrev  0x00002174      0x25d ./Drivers/STM32F4xx_HAL_Driver/Src/stm32f4xx_hal_i2s.o
 .debug_abbrev  0x000023d1      0x276 ./Drivers/STM32F4xx_HAL_Driver/Src/stm32f4xx_hal_i2s_ex.o
 .debug_abbrev  0x00002647      0x2b7 ./Drivers/STM32F4xx_HAL_Driver/Src/stm32f4xx_hal_rcc.o
 .debug_abbrev  0x000028fe      0x1b0 ./Drivers/STM32F4xx_HAL_Driver/Src/stm32f4xx_hal_rcc_ex.o
 .debug_abbrev  0x00002aae      0x1c4 ./Drivers/STM32F4xx_HAL_Driver/Src/stm32f4xx_hal_rng.o
 .debug_abbrev  0x00002c72      0x27a ./Drivers/STM32F4xx_HAL_Driver/Src/stm32f4xx_hal_spi.o
 .debug_abbrev  0x00002eec      0x30e ./Drivers/STM32F4xx_HAL_Driver/Src/stm32f4xx_hal_uart.o

.debug_aranges  0x00000000      0xf68
 .debug_aranges
                0x00000000       0x30 ./Core/Src/crc.o
 .debug_aranges
                0x00000030       0x20 ./Core/Src/gpio.o
 .debug_aranges
                0x00000050       0x30 ./Core/Src/i2c.o
 .debug_aranges
                0x00000080       0x30 ./Core/Src/i2s.o
 .debug_aranges
                0x000000b0       0x48 ./Core/Src/main.o
 .debug_aranges
                0x000000f8       0x30 ./Core/Src/rng.o
 .debug_aranges
                0x00000128       0x30 ./Core/Src/spi.o
 .debug_aranges
                0x00000158       0x20 ./Core/Src/stm32f4xx_hal_msp.o
 .debug_aranges
                0x00000178       0x70 ./Core/Src/stm32f4xx_it.o
 .debug_aranges
                0x000001e8       0xb0 ./Core/Src/syscalls.o
 .debug_aranges
                0x00000298       0x20 ./Core/Src/sysmem.o
 .debug_aranges
                0x000002b8       0x28 ./Core/Src/system_stm32f4xx.o
 .debug_aranges
                0x000002e0       0x30 ./Core/Src/usart.o
 .debug_aranges
                0x00000310       0x28 ./Core/Startup/startup_stm32f407vgtx.o
 .debug_aranges
                0x00000338       0xf0 ./Drivers/STM32F4xx_HAL_Driver/Src/stm32f4xx_hal.o
 .debug_aranges
                0x00000428      0x130 ./Drivers/STM32F4xx_HAL_Driver/Src/stm32f4xx_hal_cortex.o
 .debug_aranges
                0x00000558       0x50 ./Drivers/STM32F4xx_HAL_Driver/Src/stm32f4xx_hal_crc.o
 .debug_aranges
                0x000005a8       0x58 ./Drivers/STM32F4xx_HAL_Driver/Src/stm32f4xx_hal_gpio.o
 .debug_aranges
                0x00000600      0x2a8 ./Drivers/STM32F4xx_HAL_Driver/Src/stm32f4xx_hal_i2c.o
 .debug_aranges
                0x000008a8      0x108 ./Drivers/STM32F4xx_HAL_Driver/Src/stm32f4xx_hal_i2s.o
 .debug_aranges
                0x000009b0       0x88 ./Drivers/STM32F4xx_HAL_Driver/Src/stm32f4xx_hal_i2s_ex.o
 .debug_aranges
                0x00000a38       0x88 ./Drivers/STM32F4xx_HAL_Driver/Src/stm32f4xx_hal_rcc.o
 .debug_aranges
                0x00000ac0       0x48 ./Drivers/STM32F4xx_HAL_Driver/Src/stm32f4xx_hal_rcc_ex.o
 .debug_aranges
                0x00000b08       0x88 ./Drivers/STM32F4xx_HAL_Driver/Src/stm32f4xx_hal_rng.o
 .debug_aranges
                0x00000b90      0x1d0 ./Drivers/STM32F4xx_HAL_Driver/Src/stm32f4xx_hal_spi.o
 .debug_aranges
                0x00000d60      0x208 ./Drivers/STM32F4xx_HAL_Driver/Src/stm32f4xx_hal_uart.o

.debug_rnglists
                0x00000000      0xbcb
 .debug_rnglists
                0x00000000       0x1f ./Core/Src/crc.o
 .debug_rnglists
                0x0000001f       0x14 ./Core/Src/gpio.o
 .debug_rnglists
                0x00000033       0x20 ./Core/Src/i2c.o
 .debug_rnglists
                0x00000053       0x20 ./Core/Src/i2s.o
 .debug_rnglists
                0x00000073       0x32 ./Core/Src/main.o
 .debug_rnglists
                0x000000a5       0x1f ./Core/Src/rng.o
 .debug_rnglists
                0x000000c4       0x20 ./Core/Src/spi.o
 .debug_rnglists
                0x000000e4       0x13 ./Core/Src/stm32f4xx_hal_msp.o
 .debug_rnglists
                0x000000f7       0x4f ./Core/Src/stm32f4xx_it.o
 .debug_rnglists
                0x00000146       0x7f ./Core/Src/syscalls.o
 .debug_rnglists
                0x000001c5       0x13 ./Core/Src/sysmem.o
 .debug_rnglists
                0x000001d8       0x1a ./Core/Src/system_stm32f4xx.o
 .debug_rnglists
                0x000001f2       0x20 ./Core/Src/usart.o
 .debug_rnglists
                0x00000212       0x19 ./Core/Startup/startup_stm32f407vgtx.o
 .debug_rnglists
                0x0000022b       0xaf ./Drivers/STM32F4xx_HAL_Driver/Src/stm32f4xx_hal.o
 .debug_rnglists
                0x000002da       0xe0 ./Drivers/STM32F4xx_HAL_Driver/Src/stm32f4xx_hal_cortex.o
 .debug_rnglists
                0x000003ba       0x37 ./Drivers/STM32F4xx_HAL_Driver/Src/stm32f4xx_hal_crc.o
 .debug_rnglists
                0x000003f1       0x3f ./Drivers/STM32F4xx_HAL_Driver/Src/stm32f4xx_hal_gpio.o
 .debug_rnglists
                0x00000430      0x23c ./Drivers/STM32F4xx_HAL_Driver/Src/stm32f4xx_hal_i2c.o
 .debug_rnglists
                0x0000066c       0xcc ./Drivers/STM32F4xx_HAL_Driver/Src/stm32f4xx_hal_i2s.o
 .debug_rnglists
                0x00000738       0x6a ./Drivers/STM32F4xx_HAL_Driver/Src/stm32f4xx_hal_i2s_ex.o
 .debug_rnglists
                0x000007a2       0x66 ./Drivers/STM32F4xx_HAL_Driver/Src/stm32f4xx_hal_rcc.o
 .debug_rnglists
                0x00000808       0x35 ./Drivers/STM32F4xx_HAL_Driver/Src/stm32f4xx_hal_rcc_ex.o
 .debug_rnglists
                0x0000083d       0x63 ./Drivers/STM32F4xx_HAL_Driver/Src/stm32f4xx_hal_rng.o
 .debug_rnglists
                0x000008a0      0x16f ./Drivers/STM32F4xx_HAL_Driver/Src/stm32f4xx_hal_spi.o
 .debug_rnglists
                0x00000a0f      0x1bc ./Drivers/STM32F4xx_HAL_Driver/Src/stm32f4xx_hal_uart.o

.debug_macro    0x00000000    0x2398d
 .debug_macro   0x00000000      0x224 ./Core/Src/crc.o
 .debug_macro   0x00000224      0xad8 ./Core/Src/crc.o
 .debug_macro   0x00000cfc      0x2b3 ./Core/Src/crc.o
 .debug_macro   0x00000faf       0x2e ./Core/Src/crc.o
 .debug_macro   0x00000fdd       0x2f ./Core/Src/crc.o
 .debug_macro   0x0000100c       0x22 ./Core/Src/crc.o
 .debug_macro   0x0000102e       0x8e ./Core/Src/crc.o
 .debug_macro   0x000010bc       0x51 ./Core/Src/crc.o
 .debug_macro   0x0000110d      0x103 ./Core/Src/crc.o
 .debug_macro   0x00001210       0x6a ./Core/Src/crc.o
 .debug_macro   0x0000127a      0x1df ./Core/Src/crc.o
 .debug_macro   0x00001459       0x1c ./Core/Src/crc.o
 .debug_macro   0x00001475       0x22 ./Core/Src/crc.o
 .debug_macro   0x00001497       0xfb ./Core/Src/crc.o
 .debug_macro   0x00001592     0x1011 ./Core/Src/crc.o
 .debug_macro   0x000025a3      0x11f ./Core/Src/crc.o
 .debug_macro   0x000026c2    0x15ea5 ./Core/Src/crc.o
 .debug_macro   0x00018567       0x6d ./Core/Src/crc.o
 .debug_macro   0x000185d4     0x3693 ./Core/Src/crc.o
 .debug_macro   0x0001bc67      0x190 ./Core/Src/crc.o
 .debug_macro   0x0001bdf7       0x5c ./Core/Src/crc.o
 .debug_macro   0x0001be53      0x980 ./Core/Src/crc.o
 .debug_macro   0x0001c7d3      0x9e9 ./Core/Src/crc.o
 .debug_macro   0x0001d1bc      0x115 ./Core/Src/crc.o
 .debug_macro   0x0001d2d1      0x13e ./Core/Src/crc.o
 .debug_macro   0x0001d40f       0xa5 ./Core/Src/crc.o
 .debug_macro   0x0001d4b4      0x174 ./Core/Src/crc.o
 .debug_macro   0x0001d628      0x287 ./Core/Src/crc.o
 .debug_macro   0x0001d8af       0x5f ./Core/Src/crc.o
 .debug_macro   0x0001d90e      0x236 ./Core/Src/crc.o
 .debug_macro   0x0001db44       0x22 ./Core/Src/crc.o
 .debug_macro   0x0001db66      0x12c ./Core/Src/crc.o
 .debug_macro   0x0001dc92      0x21e ./Core/Src/crc.o
 .debug_macro   0x0001deb0       0x2e ./Core/Src/crc.o
 .debug_macro   0x0001dede      0x1b5 ./Core/Src/crc.o
 .debug_macro   0x0001e093       0xd6 ./Core/Src/crc.o
 .debug_macro   0x0001e169      0x1a7 ./Core/Src/crc.o
 .debug_macro   0x0001e310       0x46 ./Core/Src/crc.o
 .debug_macro   0x0001e356       0x4a ./Core/Src/crc.o
 .debug_macro   0x0001e3a0      0x127 ./Core/Src/crc.o
 .debug_macro   0x0001e4c7       0x7e ./Core/Src/crc.o
 .debug_macro   0x0001e545       0x89 ./Core/Src/crc.o
 .debug_macro   0x0001e5ce       0xa4 ./Core/Src/crc.o
 .debug_macro   0x0001e672      0x225 ./Core/Src/crc.o
 .debug_macro   0x0001e897      0x2aa ./Core/Src/crc.o
 .debug_macro   0x0001eb41      0x12d ./Core/Src/crc.o
 .debug_macro   0x0001ec6e      0x196 ./Core/Src/crc.o
 .debug_macro   0x0001ee04      0x224 ./Core/Src/gpio.o
 .debug_macro   0x0001f028      0x224 ./Core/Src/i2c.o
 .debug_macro   0x0001f24c      0x224 ./Core/Src/i2s.o
 .debug_macro   0x0001f470      0x345 ./Core/Src/main.o
 .debug_macro   0x0001f7b5       0x61 ./Core/Src/main.o
 .debug_macro   0x0001f816       0x2a ./Core/Src/main.o
 .debug_macro   0x0001f840       0x43 ./Core/Src/main.o
 .debug_macro   0x0001f883       0x34 ./Core/Src/main.o
 .debug_macro   0x0001f8b7       0x16 ./Core/Src/main.o
 .debug_macro   0x0001f8cd       0x3c ./Core/Src/main.o
 .debug_macro   0x0001f909      0x370 ./Core/Src/main.o
 .debug_macro   0x0001fc79       0x10 ./Core/Src/main.o
 .debug_macro   0x0001fc89       0x16 ./Core/Src/main.o
 .debug_macro   0x0001fc9f       0x4a ./Core/Src/main.o
 .debug_macro   0x0001fce9       0x34 ./Core/Src/main.o
 .debug_macro   0x0001fd1d       0x10 ./Core/Src/main.o
 .debug_macro   0x0001fd2d       0x58 ./Core/Src/main.o
 .debug_macro   0x0001fd85       0x8e ./Core/Src/main.o
 .debug_macro   0x0001fe13       0x1c ./Core/Src/main.o
 .debug_macro   0x0001fe2f      0x185 ./Core/Src/main.o
 .debug_macro   0x0001ffb4       0x16 ./Core/Src/main.o
 .debug_macro   0x0001ffca       0x16 ./Core/Src/main.o
 .debug_macro   0x0001ffe0      0x146 ./Core/Src/main.o
 .debug_macro   0x00020126       0x22 ./Core/Src/main.o
 .debug_macro   0x00020148      0x224 ./Core/Src/rng.o
 .debug_macro   0x0002036c      0x224 ./Core/Src/spi.o
 .debug_macro   0x00020590      0x21a ./Core/Src/stm32f4xx_hal_msp.o
 .debug_macro   0x000207aa      0x224 ./Core/Src/stm32f4xx_it.o
 .debug_macro   0x000209ce      0x430 ./Core/Src/syscalls.o
 .debug_macro   0x00020dfe       0x5b ./Core/Src/syscalls.o
 .debug_macro   0x00020e59       0x94 ./Core/Src/syscalls.o
 .debug_macro   0x00020eed       0x57 ./Core/Src/syscalls.o
 .debug_macro   0x00020f44       0x10 ./Core/Src/syscalls.o
 .debug_macro   0x00020f54       0x10 ./Core/Src/syscalls.o
 .debug_macro   0x00020f64       0x10 ./Core/Src/syscalls.o
 .debug_macro   0x00020f74       0x10 ./Core/Src/syscalls.o
 .debug_macro   0x00020f84       0x1c ./Core/Src/syscalls.o
 .debug_macro   0x00020fa0       0x52 ./Core/Src/syscalls.o
 .debug_macro   0x00020ff2       0x22 ./Core/Src/syscalls.o
 .debug_macro   0x00021014       0x10 ./Core/Src/syscalls.o
 .debug_macro   0x00021024       0x52 ./Core/Src/syscalls.o
 .debug_macro   0x00021076       0xcf ./Core/Src/syscalls.o
 .debug_macro   0x00021145       0x1c ./Core/Src/syscalls.o
 .debug_macro   0x00021161       0x3d ./Core/Src/syscalls.o
 .debug_macro   0x0002119e       0x35 ./Core/Src/syscalls.o
 .debug_macro   0x000211d3      0x12c ./Core/Src/syscalls.o
 .debug_macro   0x000212ff       0x16 ./Core/Src/syscalls.o
 .debug_macro   0x00021315       0x16 ./Core/Src/syscalls.o
 .debug_macro   0x0002132b       0x29 ./Core/Src/syscalls.o
 .debug_macro   0x00021354       0x10 ./Core/Src/syscalls.o
 .debug_macro   0x00021364      0x242 ./Core/Src/syscalls.o
 .debug_macro   0x000215a6       0x1c ./Core/Src/syscalls.o
 .debug_macro   0x000215c2       0x10 ./Core/Src/syscalls.o
 .debug_macro   0x000215d2      0x18a ./Core/Src/syscalls.o
 .debug_macro   0x0002175c       0x16 ./Core/Src/syscalls.o
 .debug_macro   0x00021772       0xce ./Core/Src/syscalls.o
 .debug_macro   0x00021840       0x56 ./Core/Src/syscalls.o
 .debug_macro   0x00021896      0x112 ./Core/Src/sysmem.o
 .debug_macro   0x000219a8      0x23c ./Core/Src/sysmem.o
 .debug_macro   0x00021be4      0x20b ./Core/Src/system_stm32f4xx.o
 .debug_macro   0x00021def      0x224 ./Core/Src/usart.o
 .debug_macro   0x00022013      0x26b ./Drivers/STM32F4xx_HAL_Driver/Src/stm32f4xx_hal.o
 .debug_macro   0x0002227e      0x20b ./Drivers/STM32F4xx_HAL_Driver/Src/stm32f4xx_hal_cortex.o
 .debug_macro   0x00022489      0x20b ./Drivers/STM32F4xx_HAL_Driver/Src/stm32f4xx_hal_crc.o
 .debug_macro   0x00022694      0x211 ./Drivers/STM32F4xx_HAL_Driver/Src/stm32f4xx_hal_gpio.o
 .debug_macro   0x000228a5      0x259 ./Drivers/STM32F4xx_HAL_Driver/Src/stm32f4xx_hal_i2c.o
 .debug_macro   0x00022afe      0x213 ./Drivers/STM32F4xx_HAL_Driver/Src/stm32f4xx_hal_i2s.o
 .debug_macro   0x00022d11      0x20b ./Drivers/STM32F4xx_HAL_Driver/Src/stm32f4xx_hal_i2s_ex.o
 .debug_macro   0x00022f1c      0x22f ./Drivers/STM32F4xx_HAL_Driver/Src/stm32f4xx_hal_rcc.o
 .debug_macro   0x0002314b      0x20b ./Drivers/STM32F4xx_HAL_Driver/Src/stm32f4xx_hal_rcc_ex.o
 .debug_macro   0x00023356      0x211 ./Drivers/STM32F4xx_HAL_Driver/Src/stm32f4xx_hal_rng.o
 .debug_macro   0x00023567      0x21a ./Drivers/STM32F4xx_HAL_Driver/Src/stm32f4xx_hal_spi.o
 .debug_macro   0x00023781      0x20c ./Drivers/STM32F4xx_HAL_Driver/Src/stm32f4xx_hal_uart.o

.debug_line     0x00000000    0x15367
 .debug_line    0x00000000      0x745 ./Core/Src/crc.o
 .debug_line    0x00000745      0x796 ./Core/Src/gpio.o
 .debug_line    0x00000edb      0x773 ./Core/Src/i2c.o
 .debug_line    0x0000164e      0x79b ./Core/Src/i2s.o
 .debug_line    0x00001de9      0x9dd ./Core/Src/main.o
 .debug_line    0x000027c6      0x748 ./Core/Src/rng.o
 .debug_line    0x00002f0e      0x77b ./Core/Src/spi.o
 .debug_line    0x00003689      0x706 ./Core/Src/stm32f4xx_hal_msp.o
 .debug_line    0x00003d8f      0x7e4 ./Core/Src/stm32f4xx_it.o
 .debug_line    0x00004573      0xba5 ./Core/Src/syscalls.o
 .debug_line    0x00005118      0x4c2 ./Core/Src/sysmem.o
 .debug_line    0x000055da      0x77b ./Core/Src/system_stm32f4xx.o
 .debug_line    0x00005d55      0x773 ./Core/Src/usart.o
 .debug_line    0x000064c8       0x7a ./Core/Startup/startup_stm32f407vgtx.o
 .debug_line    0x00006542      0x9f7 ./Drivers/STM32F4xx_HAL_Driver/Src/stm32f4xx_hal.o
 .debug_line    0x00006f39      0xcc7 ./Drivers/STM32F4xx_HAL_Driver/Src/stm32f4xx_hal_cortex.o
 .debug_line    0x00007c00      0x82c ./Drivers/STM32F4xx_HAL_Driver/Src/stm32f4xx_hal_crc.o
 .debug_line    0x0000842c      0xb4f ./Drivers/STM32F4xx_HAL_Driver/Src/stm32f4xx_hal_gpio.o
 .debug_line    0x00008f7b     0x3aa4 ./Drivers/STM32F4xx_HAL_Driver/Src/stm32f4xx_hal_i2c.o
 .debug_line    0x0000ca1f     0x134f ./Drivers/STM32F4xx_HAL_Driver/Src/stm32f4xx_hal_i2s.o
 .debug_line    0x0000dd6e     0x124f ./Drivers/STM32F4xx_HAL_Driver/Src/stm32f4xx_hal_i2s_ex.o
 .debug_line    0x0000efbd      0xe06 ./Drivers/STM32F4xx_HAL_Driver/Src/stm32f4xx_hal_rcc.o
 .debug_line    0x0000fdc3      0xa66 ./Drivers/STM32F4xx_HAL_Driver/Src/stm32f4xx_hal_rcc_ex.o
 .debug_line    0x00010829      0x96d ./Drivers/STM32F4xx_HAL_Driver/Src/stm32f4xx_hal_rng.o
 .debug_line    0x00011196     0x1c92 ./Drivers/STM32F4xx_HAL_Driver/Src/stm32f4xx_hal_spi.o
 .debug_line    0x00012e28     0x253f ./Drivers/STM32F4xx_HAL_Driver/Src/stm32f4xx_hal_uart.o

.debug_str      0x00000000    0xcb936
 .debug_str     0x00000000    0xcb936 ./Core/Src/crc.o
                              0xc21a5 (size before relaxing)
 .debug_str     0x000cb936        0x0 ./Core/Src/gpio.o
                              0xc2627 (size before relaxing)
 .debug_str     0x000cb936        0x0 ./Core/Src/i2c.o
                              0xc2624 (size before relaxing)
 .debug_str     0x000cb936        0x0 ./Core/Src/i2s.o
                              0xc260c (size before relaxing)
 .debug_str     0x000cb936        0x0 ./Core/Src/main.o
                              0xc5c44 (size before relaxing)
 .debug_str     0x000cb936        0x0 ./Core/Src/rng.o
                              0xc26ca (size before relaxing)
 .debug_str     0x000cb936        0x0 ./Core/Src/spi.o
                              0xc2581 (size before relaxing)
 .debug_str     0x000cb936        0x0 ./Core/Src/stm32f4xx_hal_msp.o
                              0xc2047 (size before relaxing)
 .debug_str     0x000cb936        0x0 ./Core/Src/stm32f4xx_it.o
                              0xc2119 (size before relaxing)
 .debug_str     0x000cb936        0x0 ./Core/Src/syscalls.o
                              0xc7ca3 (size before relaxing)
 .debug_str     0x000cb936        0x0 ./Core/Src/sysmem.o
                               0x7774 (size before relaxing)
 .debug_str     0x000cb936        0x0 ./Core/Src/system_stm32f4xx.o
                              0xc1a5d (size before relaxing)
 .debug_str     0x000cb936        0x0 ./Core/Src/usart.o
                              0xc25b2 (size before relaxing)
 .debug_str     0x000cb936        0x0 ./Core/Startup/startup_stm32f407vgtx.o
                                 0x76 (size before relaxing)
 .debug_str     0x000cb936        0x0 ./Drivers/STM32F4xx_HAL_Driver/Src/stm32f4xx_hal.o
                              0xc25e1 (size before relaxing)
 .debug_str     0x000cb936        0x0 ./Drivers/STM32F4xx_HAL_Driver/Src/stm32f4xx_hal_cortex.o
                              0xc235d (size before relaxing)
 .debug_str     0x000cb936        0x0 ./Drivers/STM32F4xx_HAL_Driver/Src/stm32f4xx_hal_crc.o
                              0xc1a8b (size before relaxing)
 .debug_str     0x000cb936        0x0 ./Drivers/STM32F4xx_HAL_Driver/Src/stm32f4xx_hal_gpio.o
                              0xc1bd8 (size before relaxing)
 .debug_str     0x000cb936        0x0 ./Drivers/STM32F4xx_HAL_Driver/Src/stm32f4xx_hal_i2c.o
                              0xc2a7b (size before relaxing)
 .debug_str     0x000cb936        0x0 ./Drivers/STM32F4xx_HAL_Driver/Src/stm32f4xx_hal_i2s.o
                              0xc204e (size before relaxing)
 .debug_str     0x000cb936        0x0 ./Drivers/STM32F4xx_HAL_Driver/Src/stm32f4xx_hal_i2s_ex.o
                              0xc1f50 (size before relaxing)
 .debug_str     0x000cb936        0x0 ./Drivers/STM32F4xx_HAL_Driver/Src/stm32f4xx_hal_rcc.o
                              0xc1e91 (size before relaxing)
 .debug_str     0x000cb936        0x0 ./Drivers/STM32F4xx_HAL_Driver/Src/stm32f4xx_hal_rcc_ex.o
                              0xc1baf (size before relaxing)
 .debug_str     0x000cb936        0x0 ./Drivers/STM32F4xx_HAL_Driver/Src/stm32f4xx_hal_rng.o
                              0xc1b5d (size before relaxing)
 .debug_str     0x000cb936        0x0 ./Drivers/STM32F4xx_HAL_Driver/Src/stm32f4xx_hal_spi.o
                              0xc231b (size before relaxing)
 .debug_str     0x000cb936        0x0 ./Drivers/STM32F4xx_HAL_Driver/Src/stm32f4xx_hal_uart.o
                              0xc2472 (size before relaxing)

.comment        0x00000000       0x43
 .comment       0x00000000       0x43 ./Core/Src/crc.o
                                 0x44 (size before relaxing)
 .comment       0x00000043        0x0 ./Core/Src/gpio.o
                                 0x44 (size before relaxing)
 .comment       0x00000043        0x0 ./Core/Src/i2c.o
                                 0x44 (size before relaxing)
 .comment       0x00000043        0x0 ./Core/Src/i2s.o
                                 0x44 (size before relaxing)
 .comment       0x00000043        0x0 ./Core/Src/main.o
                                 0x44 (size before relaxing)
 .comment       0x00000043        0x0 ./Core/Src/rng.o
                                 0x44 (size before relaxing)
 .comment       0x00000043        0x0 ./Core/Src/spi.o
                                 0x44 (size before relaxing)
 .comment       0x00000043        0x0 ./Core/Src/stm32f4xx_hal_msp.o
                                 0x44 (size before relaxing)
 .comment       0x00000043        0x0 ./Core/Src/stm32f4xx_it.o
                                 0x44 (size before relaxing)
 .comment       0x00000043        0x0 ./Core/Src/syscalls.o
                                 0x44 (size before relaxing)
 .comment       0x00000043        0x0 ./Core/Src/sysmem.o
                                 0x44 (size before relaxing)
 .comment       0x00000043        0x0 ./Core/Src/system_stm32f4xx.o
                                 0x44 (size before relaxing)
 .comment       0x00000043        0x0 ./Core/Src/usart.o
                                 0x44 (size before relaxing)
 .comment       0x00000043        0x0 ./Drivers/STM32F4xx_HAL_Driver/Src/stm32f4xx_hal.o
                                 0x44 (size before relaxing)
 .comment       0x00000043        0x0 ./Drivers/STM32F4xx_HAL_Driver/Src/stm32f4xx_hal_cortex.o
                                 0x44 (size before relaxing)
 .comment       0x00000043        0x0 ./Drivers/STM32F4xx_HAL_Driver/Src/stm32f4xx_hal_crc.o
                                 0x44 (size before relaxing)
 .comment       0x00000043        0x0 ./Drivers/STM32F4xx_HAL_Driver/Src/stm32f4xx_hal_gpio.o
                                 0x44 (size before relaxing)
 .comment       0x00000043        0x0 ./Drivers/STM32F4xx_HAL_Driver/Src/stm32f4xx_hal_i2c.o
                                 0x44 (size before relaxing)
 .comment       0x00000043        0x0 ./Drivers/STM32F4xx_HAL_Driver/Src/stm32f4xx_hal_i2s.o
                                 0x44 (size before relaxing)
 .comment       0x00000043        0x0 ./Drivers/STM32F4xx_HAL_Driver/Src/stm32f4xx_hal_i2s_ex.o
                                 0x44 (size before relaxing)
 .comment       0x00000043        0x0 ./Drivers/STM32F4xx_HAL_Driver/Src/stm32f4xx_hal_rcc.o
                                 0x44 (size before relaxing)
 .comment       0x00000043        0x0 ./Drivers/STM32F4xx_HAL_Driver/Src/stm32f4xx_hal_rcc_ex.o
                                 0x44 (size before relaxing)
 .comment       0x00000043        0x0 ./Drivers/STM32F4xx_HAL_Driver/Src/stm32f4xx_hal_rng.o
                                 0x44 (size before relaxing)
 .comment       0x00000043        0x0 ./Drivers/STM32F4xx_HAL_Driver/Src/stm32f4xx_hal_spi.o
                                 0x44 (size before relaxing)
 .comment       0x00000043        0x0 ./Drivers/STM32F4xx_HAL_Driver/Src/stm32f4xx_hal_uart.o
                                 0x44 (size before relaxing)

.debug_frame    0x00000000     0x4428
 .debug_frame   0x00000000       0x7c ./Core/Src/crc.o
 .debug_frame   0x0000007c       0x38 ./Core/Src/gpio.o
 .debug_frame   0x000000b4       0x74 ./Core/Src/i2c.o
 .debug_frame   0x00000128       0x74 ./Core/Src/i2s.o
 .debug_frame   0x0000019c       0xcc ./Core/Src/main.o
 .debug_frame   0x00000268       0x74 ./Core/Src/rng.o
 .debug_frame   0x000002dc       0x74 ./Core/Src/spi.o
 .debug_frame   0x00000350       0x34 ./Core/Src/stm32f4xx_hal_msp.o
 .debug_frame   0x00000384      0x13c ./Core/Src/stm32f4xx_it.o
 .debug_frame   0x000004c0      0x2d0 ./Core/Src/syscalls.o
 .debug_frame   0x00000790       0x34 ./Core/Src/sysmem.o
 .debug_frame   0x000007c4       0x58 ./Core/Src/system_stm32f4xx.o
 .debug_frame   0x0000081c       0x74 ./Core/Src/usart.o
 .debug_frame   0x00000890      0x374 ./Drivers/STM32F4xx_HAL_Driver/Src/stm32f4xx_hal.o
 .debug_frame   0x00000c04      0x508 ./Drivers/STM32F4xx_HAL_Driver/Src/stm32f4xx_hal_cortex.o
 .debug_frame   0x0000110c      0x120 ./Drivers/STM32F4xx_HAL_Driver/Src/stm32f4xx_hal_crc.o
 .debug_frame   0x0000122c      0x14c ./Drivers/STM32F4xx_HAL_Driver/Src/stm32f4xx_hal_gpio.o
 .debug_frame   0x00001378      0xc84 ./Drivers/STM32F4xx_HAL_Driver/Src/stm32f4xx_hal_i2c.o
 .debug_frame   0x00001ffc      0x484 ./Drivers/STM32F4xx_HAL_Driver/Src/stm32f4xx_hal_i2s.o
 .debug_frame   0x00002480      0x220 ./Drivers/STM32F4xx_HAL_Driver/Src/stm32f4xx_hal_i2s_ex.o
 .debug_frame   0x000026a0      0x1f4 ./Drivers/STM32F4xx_HAL_Driver/Src/stm32f4xx_hal_rcc.o
 .debug_frame   0x00002894       0xf0 ./Drivers/STM32F4xx_HAL_Driver/Src/stm32f4xx_hal_rcc_ex.o
 .debug_frame   0x00002984      0x22c ./Drivers/STM32F4xx_HAL_Driver/Src/stm32f4xx_hal_rng.o
 .debug_frame   0x00002bb0      0x828 ./Drivers/STM32F4xx_HAL_Driver/Src/stm32f4xx_hal_spi.o
 .debug_frame   0x000033d8      0x954 ./Drivers/STM32F4xx_HAL_Driver/Src/stm32f4xx_hal_uart.o
 .debug_frame   0x00003d2c      0x144 /opt/st/stm32cubeide_2.0.0/plugins/com.st.stm32cube.ide.mcu.externaltools.gnu-tools-for-stm32.13.3.rel1.linux64_1.0.100.202509120712/tools/bin/../lib/gcc/arm-none-eabi/13.3.1/../../../../arm-none-eabi/lib/thumb/v7e-m+fp/hard/libc_nano.a(libc_a-findfp.o)
 .debug_frame   0x00003e70       0x34 /opt/st/stm32cubeide_2.0.0/plugins/com.st.stm32cube.ide.mcu.externaltools.gnu-tools-for-stm32.13.3.rel1.linux64_1.0.100.202509120712/tools/bin/../lib/gcc/arm-none-eabi/13.3.1/../../../../arm-none-eabi/lib/thumb/v7e-m+fp/hard/libc_nano.a(libc_a-fwalk.o)
 .debug_frame   0x00003ea4       0x3c /opt/st/stm32cubeide_2.0.0/plugins/com.st.stm32cube.ide.mcu.externaltools.gnu-tools-for-stm32.13.3.rel1.linux64_1.0.100.202509120712/tools/bin/../lib/gcc/arm-none-eabi/13.3.1/../../../../arm-none-eabi/lib/thumb/v7e-m+fp/hard/libc_nano.a(libc_a-puts.o)
 .debug_frame   0x00003ee0       0x88 /opt/st/stm32cubeide_2.0.0/plugins/com.st.stm32cube.ide.mcu.externaltools.gnu-tools-for-stm32.13.3.rel1.linux64_1.0.100.202509120712/tools/bin/../lib/gcc/arm-none-eabi/13.3.1/../../../../arm-none-eabi/lib/thumb/v7e-m+fp/hard/libc_nano.a(libc_a-stdio.o)
 .debug_frame   0x00003f68       0x40 /opt/st/stm32cubeide_2.0.0/plugins/com.st.stm32cube.ide.mcu.externaltools.gnu-tools-for-stm32.13.3.rel1.linux64_1.0.100.202509120712/tools/bin/../lib/gcc/arm-none-eabi/13.3.1/../../../../arm-none-eabi/lib/thumb/v7e-m+fp/hard/libc_nano.a(libc_a-wbuf.o)
 .debug_frame   0x00003fa8       0x2c /opt/st/stm32cubeide_2.0.0/plugins/com.st.stm32cube.ide.mcu.externaltools.gnu-tools-for-stm32.13.3.rel1.linux64_1.0.100.202509120712/tools/bin/../lib/gcc/arm-none-eabi/13.3.1/../../../../arm-none-eabi/lib/thumb/v7e-m+fp/hard/libc_nano.a(libc_a-wsetup.o)